Component: ARM Compiler 5.05 update 1 (build 106) Tool: armlink [4d0efa]

==============================================================================

Section Cross References

    startup_stm32l151xba.o(RESET) refers to startup_stm32l151xba.o(STACK) for __initial_sp
    startup_stm32l151xba.o(RESET) refers to startup_stm32l151xba.o(.text) for Reset_Handler
    startup_stm32l151xba.o(RESET) refers to stm32l1xx_it.o(i.NMI_Handler) for NMI_Handler
    startup_stm32l151xba.o(RESET) refers to stm32l1xx_it.o(i.HardFault_Handler) for HardFault_Handler
    startup_stm32l151xba.o(RESET) refers to stm32l1xx_it.o(i.MemManage_Handler) for MemManage_Handler
    startup_stm32l151xba.o(RESET) refers to stm32l1xx_it.o(i.BusFault_Handler) for BusFault_Handler
    startup_stm32l151xba.o(RESET) refers to stm32l1xx_it.o(i.UsageFault_Handler) for UsageFault_Handler
    startup_stm32l151xba.o(RESET) refers to stm32l1xx_it.o(i.SVC_Handler) for SVC_Handler
    startup_stm32l151xba.o(RESET) refers to stm32l1xx_it.o(i.DebugMon_Handler) for DebugMon_Handler
    startup_stm32l151xba.o(RESET) refers to stm32l1xx_it.o(i.PendSV_Handler) for PendSV_Handler
    startup_stm32l151xba.o(RESET) refers to stm32l1xx_it.o(i.SysTick_Handler) for SysTick_Handler
    startup_stm32l151xba.o(RESET) refers to stm32l1xx_it.o(i.EXTI1_IRQHandler) for EXTI1_IRQHandler
    startup_stm32l151xba.o(RESET) refers to stm32l1xx_it.o(i.DMA1_Channel5_IRQHandler) for DMA1_Channel5_IRQHandler
    startup_stm32l151xba.o(RESET) refers to stm32l1xx_it.o(i.USART1_IRQHandler) for USART1_IRQHandler
    startup_stm32l151xba.o(RESET) refers to stm32l1xx_it.o(i.USART2_IRQHandler) for USART2_IRQHandler
    startup_stm32l151xba.o(.text) refers to system_stm32l1xx.o(i.SystemInit) for SystemInit
    startup_stm32l151xba.o(.text) refers to entry.o(.ARM.Collect$$$$00000000) for __main
    stm32l1xx_hal_cortex.o(i.HAL_NVIC_SetPriority) refers to stm32l1xx_hal_cortex.o(i.NVIC_SetPriority) for NVIC_SetPriority
    stm32l1xx_hal_cortex.o(i.HAL_SYSTICK_Config) refers to stm32l1xx_hal_cortex.o(i.NVIC_SetPriority) for NVIC_SetPriority
    stm32l1xx_hal_cortex.o(i.HAL_SYSTICK_IRQHandler) refers to stm32l1xx_hal_cortex.o(i.HAL_SYSTICK_Callback) for HAL_SYSTICK_Callback
    stm32l1xx_hal_flash.o(i.FLASH_SetErrorCode) refers to stm32l1xx_hal_flash.o(.bss) for .bss
    stm32l1xx_hal_flash.o(i.FLASH_WaitForLastOperation) refers to stm32l1xx_hal.o(i.HAL_GetTick) for HAL_GetTick
    stm32l1xx_hal_flash.o(i.FLASH_WaitForLastOperation) refers to stm32l1xx_hal_flash.o(i.FLASH_SetErrorCode) for FLASH_SetErrorCode
    stm32l1xx_hal_flash.o(i.HAL_FLASH_GetError) refers to stm32l1xx_hal_flash.o(.bss) for .bss
    stm32l1xx_hal_flash.o(i.HAL_FLASH_IRQHandler) refers to stm32l1xx_hal_flash.o(i.FLASH_SetErrorCode) for FLASH_SetErrorCode
    stm32l1xx_hal_flash.o(i.HAL_FLASH_IRQHandler) refers to stm32l1xx_hal_flash.o(i.HAL_FLASH_OperationErrorCallback) for HAL_FLASH_OperationErrorCallback
    stm32l1xx_hal_flash.o(i.HAL_FLASH_IRQHandler) refers to stm32l1xx_hal_flash.o(i.HAL_FLASH_EndOfOperationCallback) for HAL_FLASH_EndOfOperationCallback
    stm32l1xx_hal_flash.o(i.HAL_FLASH_IRQHandler) refers to stm32l1xx_hal_flash_ex.o(i.FLASH_PageErase) for FLASH_PageErase
    stm32l1xx_hal_flash.o(i.HAL_FLASH_IRQHandler) refers to stm32l1xx_hal_flash.o(.bss) for .bss
    stm32l1xx_hal_flash.o(i.HAL_FLASH_OB_Launch) refers to stm32l1xx_hal_flash.o(i.FLASH_WaitForLastOperation) for FLASH_WaitForLastOperation
    stm32l1xx_hal_flash.o(i.HAL_FLASH_Program) refers to stm32l1xx_hal_flash.o(i.FLASH_WaitForLastOperation) for FLASH_WaitForLastOperation
    stm32l1xx_hal_flash.o(i.HAL_FLASH_Program) refers to stm32l1xx_hal_flash.o(.bss) for .bss
    stm32l1xx_hal_flash.o(i.HAL_FLASH_Program_IT) refers to stm32l1xx_hal_flash.o(.bss) for .bss
    stm32l1xx_hal_flash_ex.o(i.FLASH_OB_PCROPConfig) refers to stm32l1xx_hal_flash.o(i.FLASH_WaitForLastOperation) for FLASH_WaitForLastOperation
    stm32l1xx_hal_flash_ex.o(i.FLASH_OB_PCROPConfig) refers to stm32l1xx_hal_flash_ex.o(i.FLASH_OB_WRPConfigWRP1OrPCROP1) for FLASH_OB_WRPConfigWRP1OrPCROP1
    stm32l1xx_hal_flash_ex.o(i.FLASH_OB_PCROPConfig) refers to stm32l1xx_hal_flash.o(.bss) for pFlash
    stm32l1xx_hal_flash_ex.o(i.FLASH_OB_WRPConfig) refers to stm32l1xx_hal_flash.o(i.FLASH_WaitForLastOperation) for FLASH_WaitForLastOperation
    stm32l1xx_hal_flash_ex.o(i.FLASH_OB_WRPConfig) refers to stm32l1xx_hal_flash_ex.o(i.FLASH_OB_WRPConfigWRP1OrPCROP1) for FLASH_OB_WRPConfigWRP1OrPCROP1
    stm32l1xx_hal_flash_ex.o(i.FLASH_OB_WRPConfig) refers to stm32l1xx_hal_flash.o(.bss) for pFlash
    stm32l1xx_hal_flash_ex.o(i.FLASH_PageErase) refers to stm32l1xx_hal_flash.o(.bss) for pFlash
    stm32l1xx_hal_flash_ex.o(i.HAL_FLASHEx_AdvOBProgram) refers to stm32l1xx_hal_flash_ex.o(i.FLASH_OB_PCROPConfig) for FLASH_OB_PCROPConfig
    stm32l1xx_hal_flash_ex.o(i.HAL_FLASHEx_DATAEEPROM_Erase) refers to stm32l1xx_hal_flash.o(i.FLASH_WaitForLastOperation) for FLASH_WaitForLastOperation
[...]
    Removing stm32l1xx_hal_rcc.o(i.HAL_RCC_CSSCallback), (2 bytes).
    Removing stm32l1xx_hal_rcc.o(i.HAL_RCC_DeInit), (112 bytes).
    Removing stm32l1xx_hal_rcc.o(i.HAL_RCC_DisableCSS), (28 bytes).
    Removing stm32l1xx_hal_rcc.o(i.HAL_RCC_EnableCSS), (24 bytes).
    Removing stm32l1xx_hal_rcc.o(i.HAL_RCC_GetClockConfig), (64 bytes).
    Removing stm32l1xx_hal_rcc.o(i.HAL_RCC_GetOscConfig), (208 bytes).
    Removing stm32l1xx_hal_rcc.o(i.HAL_RCC_MCOConfig), (80 bytes).
    Removing stm32l1xx_hal_rcc.o(i.HAL_RCC_NMI_IRQHandler), (28 bytes).
    Removing stm32l1xx_hal_pwr_ex.o(.rev16_text), (4 bytes).
    Removing stm32l1xx_hal_pwr_ex.o(.revsh_text), (4 bytes).
    Removing stm32l1xx_hal_pwr_ex.o(.rrx_text), (6 bytes).
    Removing stm32l1xx_hal_pwr_ex.o(i.HAL_PWREx_DisableFastWakeUp), (28 bytes).
    Removing stm32l1xx_hal_pwr_ex.o(i.HAL_PWREx_DisableLowPowerRunMode), (44 bytes).
    Removing stm32l1xx_hal_pwr_ex.o(i.HAL_PWREx_DisableUltraLowPower), (28 bytes).
    Removing stm32l1xx_hal_pwr_ex.o(i.HAL_PWREx_EnableFastWakeUp), (24 bytes).
    Removing stm32l1xx_hal_pwr_ex.o(i.HAL_PWREx_EnableLowPowerRunMode), (36 bytes).
    Removing stm32l1xx_hal_pwr_ex.o(i.HAL_PWREx_EnableUltraLowPower), (24 bytes).
    Removing stm32l1xx_hal_pwr_ex.o(i.HAL_PWREx_GetVoltageRange), (16 bytes).
    Removing stm32l1xx_hal_spi_ex.o(.rev16_text), (4 bytes).
    Removing stm32l1xx_hal_spi_ex.o(.revsh_text), (4 bytes).
    Removing stm32l1xx_hal_spi_ex.o(.rrx_text), (6 bytes).
    Removing stm32l1xx_hal.o(.rev16_text), (4 bytes).
    Removing stm32l1xx_hal.o(.revsh_text), (4 bytes).
    Removing stm32l1xx_hal.o(.rrx_text), (6 bytes).
    Removing stm32l1xx_hal.o(i.HAL_DBGMCU_DisableDBGSleepMode), (16 bytes).
    Removing stm32l1xx_hal.o(i.HAL_DBGMCU_DisableDBGStandbyMode), (16 bytes).
    Removing stm32l1xx_hal.o(i.HAL_DBGMCU_DisableDBGStopMode), (16 bytes).
    Removing stm32l1xx_hal.o(i.HAL_DBGMCU_EnableDBGSleepMode), (16 bytes).
    Removing stm32l1xx_hal.o(i.HAL_DBGMCU_EnableDBGStandbyMode), (16 bytes).
    Removing stm32l1xx_hal.o(i.HAL_DBGMCU_EnableDBGStopMode), (16 bytes).
    Removing stm32l1xx_hal.o(i.HAL_DeInit), (40 bytes).
    Removing stm32l1xx_hal.o(i.HAL_GetDEVID), (16 bytes).
    Removing stm32l1xx_hal.o(i.HAL_GetHalVersion), (8 bytes).
    Removing stm32l1xx_hal.o(i.HAL_GetREVID), (12 bytes).
    Removing stm32l1xx_hal.o(i.HAL_MspDeInit), (2 bytes).
    Removing stm32l1xx_hal.o(i.HAL_MspInit), (2 bytes).
    Removing stm32l1xx_hal.o(i.HAL_ResumeTick), (14 bytes).
    Removing stm32l1xx_hal.o(i.HAL_SuspendTick), (14 bytes).
    Removing stm32l1xx_hal_rcc_ex.o(.rev16_text), (4 bytes).
    Removing stm32l1xx_hal_rcc_ex.o(.revsh_text), (4 bytes).
    Removing stm32l1xx_hal_rcc_ex.o(.rrx_text), (6 bytes).
    Removing stm32l1xx_hal_rcc_ex.o(i.HAL_RCCEx_DisableLSECSS), (44 bytes).
    Removing stm32l1xx_hal_rcc_ex.o(i.HAL_RCCEx_EnableLSECSS), (28 bytes).
    Removing stm32l1xx_hal_rcc_ex.o(i.HAL_RCCEx_EnableLSECSS_IT), (68 bytes).
    Removing stm32l1xx_hal_rcc_ex.o(i.HAL_RCCEx_GetPeriphCLKConfig), (44 bytes).
    Removing stm32l1xx_hal_rcc_ex.o(i.HAL_RCCEx_GetPeriphCLKFreq), (128 bytes).
    Removing stm32l1xx_hal_rcc_ex.o(i.HAL_RCCEx_LSECSS_Callback), (2 bytes).
    Removing stm32l1xx_hal_rcc_ex.o(i.HAL_RCCEx_LSECSS_IRQHandler), (28 bytes).
    Removing stm32l1xx_hal_rcc_ex.o(i.HAL_RCCEx_PeriphCLKConfig), (360 bytes).
    Removing stm32l1xx_hal_dma.o(.rev16_text), (4 bytes).
    Removing stm32l1xx_hal_dma.o(.revsh_text), (4 bytes).
    Removing stm32l1xx_hal_dma.o(.rrx_text), (6 bytes).
    Removing stm32l1xx_hal_dma.o(i.HAL_DMA_Abort_IT), (74 bytes).
    Removing stm32l1xx_hal_dma.o(i.HAL_DMA_DeInit), (88 bytes).
    Removing stm32l1xx_hal_dma.o(i.HAL_DMA_GetError), (4 bytes).
    Removing stm32l1xx_hal_dma.o(i.HAL_DMA_GetState), (6 bytes).
    Removing stm32l1xx_hal_dma.o(i.HAL_DMA_PollForTransfer), (206 bytes).
    Removing stm32l1xx_hal_dma.o(i.HAL_DMA_RegisterCallback), (74 bytes).
    Removing stm32l1xx_hal_dma.o(i.HAL_DMA_Start), (80 bytes).
    Removing stm32l1xx_hal_dma.o(i.HAL_DMA_UnRegisterCallback), (82 bytes).
    Removing stm32l1xx_hal_pwr.o(.rev16_text), (4 bytes).
    Removing stm32l1xx_hal_pwr.o(.revsh_text), (4 bytes).
    Removing stm32l1xx_hal_pwr.o(.rrx_text), (6 bytes).
    Removing stm32l1xx_hal_pwr.o(i.HAL_PWR_ConfigPVD), (124 bytes).
    Removing stm32l1xx_hal_pwr.o(i.HAL_PWR_DeInit), (24 bytes).
    Removing stm32l1xx_hal_pwr.o(i.HAL_PWR_DisableBkUpAccess), (28 bytes).
    Removing stm32l1xx_hal_pwr.o(i.HAL_PWR_DisablePVD), (24 bytes).
    Removing stm32l1xx_hal_pwr.o(i.HAL_PWR_DisableSEVOnPend), (16 bytes).
    Removing stm32l1xx_hal_pwr.o(i.HAL_PWR_DisableSleepOnExit), (16 bytes).
    Removing stm32l1xx_hal_pwr.o(i.HAL_PWR_DisableWakeUpPin), (28 bytes).
    Removing stm32l1xx_hal_pwr.o(i.HAL_PWR_EnableBkUpAccess), (24 bytes).
    Removing stm32l1xx_hal_pwr.o(i.HAL_PWR_EnablePVD), (24 bytes).
    Removing stm32l1xx_hal_pwr.o(i.HAL_PWR_EnableSEVOnPend), (16 bytes).
    Removing stm32l1xx_hal_pwr.o(i.HAL_PWR_EnableSleepOnExit), (16 bytes).
    Removing stm32l1xx_hal_pwr.o(i.HAL_PWR_EnableWakeUpPin), (28 bytes).
    Removing stm32l1xx_hal_pwr.o(i.HAL_PWR_EnterSLEEPMode), (48 bytes).
    Removing stm32l1xx_hal_pwr.o(i.HAL_PWR_EnterSTANDBYMode), (32 bytes).
    Removing stm32l1xx_hal_pwr.o(i.HAL_PWR_EnterSTOPMode), (56 bytes).
    Removing stm32l1xx_hal_pwr.o(i.HAL_PWR_PVDCallback), (2 bytes).
    Removing stm32l1xx_hal_pwr.o(i.HAL_PWR_PVD_IRQHandler), (28 bytes).
    Removing stm32l1xx_hal_gpio.o(.rev16_text), (4 bytes).
    Removing stm32l1xx_hal_gpio.o(.revsh_text), (4 bytes).
    Removing stm32l1xx_hal_gpio.o(.rrx_text), (6 bytes).
    Removing stm32l1xx_hal_gpio.o(i.HAL_GPIO_DeInit), (288 bytes).
    Removing stm32l1xx_hal_gpio.o(i.HAL_GPIO_EXTI_Callback), (2 bytes).
    Removing stm32l1xx_hal_gpio.o(i.HAL_GPIO_LockPin), (34 bytes).
    Removing stm32l1xx_hal_gpio.o(i.HAL_GPIO_TogglePin), (8 bytes).
    Removing stm32l1xx_hal_uart.o(.rev16_text), (4 bytes).
    Removing stm32l1xx_hal_uart.o(.revsh_text), (4 bytes).
    Removing stm32l1xx_hal_uart.o(.rrx_text), (6 bytes).
    Removing stm32l1xx_hal_uart.o(i.HAL_HalfDuplex_EnableReceiver), (46 bytes).
    Removing stm32l1xx_hal_uart.o(i.HAL_HalfDuplex_EnableTransmitter), (48 bytes).
    Removing stm32l1xx_hal_uart.o(i.HAL_HalfDuplex_Init), (104 bytes).
    Removing stm32l1xx_hal_uart.o(i.HAL_LIN_Init), (118 bytes).
    Removing stm32l1xx_hal_uart.o(i.HAL_LIN_SendBreak), (44 bytes).
    Removing stm32l1xx_hal_uart.o(i.HAL_MultiProcessor_EnterMuteMode), (44 bytes).
    Removing stm32l1xx_hal_uart.o(i.HAL_MultiProcessor_ExitMuteMode), (44 bytes).
    Removing stm32l1xx_hal_uart.o(i.HAL_MultiProcessor_Init), (126 bytes).
    Removing stm32l1xx_hal_uart.o(i.HAL_UART_DMAPause), (90 bytes).
    Removing stm32l1xx_hal_uart.o(i.HAL_UART_DMAResume), (104 bytes).
    Removing stm32l1xx_hal_uart.o(i.HAL_UART_DeInit), (60 bytes).
    Removing stm32l1xx_hal_uart.o(i.HAL_UART_GetError), (4 bytes).
    Removing stm32l1xx_hal_uart.o(i.HAL_UART_GetState), (6 bytes).
    Removing stm32l1xx_hal_uart.o(i.HAL_UART_MspDeInit), (2 bytes).
    Removing stm32l1xx_hal_uart.o(i.HAL_UART_MspInit), (2 bytes).
    Removing stm32l1xx_hal_uart.o(i.HAL_UART_Receive), (204 bytes).
    Removing stm32l1xx_hal_uart.o(i.HAL_UART_RxCpltCallback), (2 bytes).
    Removing stm32l1xx_hal_uart.o(i.HAL_UART_Transmit_DMA), (144 bytes).
    Removing stm32l1xx_hal_uart.o(i.HAL_UART_Transmit_IT), (86 bytes).
    Removing stm32l1xx_hal_uart.o(i.HAL_UART_TxHalfCpltCallback), (2 bytes).
    Removing stm32l1xx_hal_uart.o(i.UART_DMATransmitCplt), (46 bytes).
    Removing stm32l1xx_hal_uart.o(i.UART_DMATxHalfCplt), (10 bytes).
    Removing stm32l1xx_hal_tim.o(.rev16_text), (4 bytes).
    Removing stm32l1xx_hal_tim.o(.revsh_text), (4 bytes).
    Removing stm32l1xx_hal_tim.o(.rrx_text), (6 bytes).
    Removing gpio.o(.rev16_text), (4 bytes).
    Removing gpio.o(.revsh_text), (4 bytes).
    Removing gpio.o(.rrx_text), (6 bytes).
    Removing gpio.o(i.Lora_GPIO_Config), (2 bytes).
    Removing gpio.o(i.Lora_GetNumofRecData), (20 bytes).
    Removing gpio.o(i.RF_CAD_RECEIVE), (56 bytes).
    Removing gpio.o(i.RF_SLEEP), (42 bytes).
    Removing gpio.o(i.SX1276LoRaSetPreamLength), (26 bytes).
    Removing spi.o(.rev16_text), (4 bytes).
    Removing spi.o(.revsh_text), (4 bytes).
    Removing spi.o(.rrx_text), (6 bytes).
    Removing spi.o(i.HAL_SPI_MspDeInit), (40 bytes).
    Removing stm32l1xx_it.o(.rev16_text), (4 bytes).
    Removing stm32l1xx_it.o(.revsh_text), (4 bytes).
    Removing stm32l1xx_it.o(.rrx_text), (6 bytes).
    Removing dma.o(.rev16_text), (4 bytes).
    Removing dma.o(.revsh_text), (4 bytes).
    Removing dma.o(.rrx_text), (6 bytes).
    Removing stm32l1xx_hal_msp.o(.rev16_text), (4 bytes).
    Removing stm32l1xx_hal_msp.o(.revsh_text), (4 bytes).
    Removing stm32l1xx_hal_msp.o(.rrx_text), (6 bytes).
    Removing usart.o(.rev16_text), (4 bytes).
    Removing usart.o(.revsh_text), (4 bytes).
    Removing usart.o(.rrx_text), (6 bytes).
    Removing usart.o(i.HAL_UART_MspDeInit), (136 bytes).
    Removing main.o(.rev16_text), (4 bytes).
    Removing main.o(.revsh_text), (4 bytes).
    Removing main.o(.rrx_text), (6 bytes).
    Removing main.o(i.Show_Temp), (2 bytes).
    Removing main.o(i.TestIO), (292 bytes).
    Removing main.o(.bss), (10 bytes).
    Removing main.o(.bss), (20 bytes).
    Removing main.o(.data), (4 bytes).
    Removing main.o(.data), (4 bytes).
    Removing main.o(.data), (4 bytes).
    Removing main.o(.data), (1 bytes).
    Removing main.o(.data), (1 bytes).
    Removing main.o(.data), (8 bytes).
    Removing main.o(.data), (4 bytes).
    Removing main.o(.data), (4 bytes).
    Removing main.o(.data), (4 bytes).
    Removing main.o(.data), (4 bytes).
    Removing main.o(.data), (4 bytes).
    Removing main.o(.data), (1 bytes).
    Removing main.o(.data), (1 bytes).
    Removing main.o(.data), (1 bytes).
    Removing system_stm32l1xx.o(.rev16_text), (4 bytes).
    Removing system_stm32l1xx.o(.revsh_text), (4 bytes).
    Removing system_stm32l1xx.o(.rrx_text), (6 bytes).
    Removing system_stm32l1xx.o(i.SystemCoreClockUpdate), (144 bytes).

273 unused section(s) (total 11823 bytes) removed from the image.

==============================================================================

Image Symbol Table

    Local Symbols

    Symbol Name                              Value     Ov Type        Size  Object(Section)

    ../Drivers/STM32L1xx_HAL_Driver/Src/stm32l1xx_hal.c 0x00000000   Number         0  stm32l1xx_hal.o ABSOLUTE
    ../Drivers/STM32L1xx_HAL_Driver/Src/stm32l1xx_hal_cortex.c 0x00000000   Number         0  stm32l1xx_hal_cortex.o ABSOLUTE
    ../Drivers/STM32L1xx_HAL_Driver/Src/stm32l1xx_hal_dma.c 0x00000000   Number         0  stm32l1xx_hal_dma.o ABSOLUTE
    ../Drivers/STM32L1xx_HAL_Driver/Src/stm32l1xx_hal_flash.c 0x00000000   Number         0  stm32l1xx_hal_flash.o ABSOLUTE
    ../Drivers/STM32L1xx_HAL_Driver/Src/stm32l1xx_hal_flash_ex.c 0x00000000   Number         0  stm32l1xx_hal_flash_ex.o ABSOLUTE
    ../Drivers/STM32L1xx_HAL_Driver/Src/stm32l1xx_hal_flash_ramfunc.c 0x00000000   Number         0  stm32l1xx_hal_flash_ramfunc.o ABSOLUTE
    ../Drivers/STM32L1xx_HAL_Driver/Src/stm32l1xx_hal_gpio.c 0x00000000   Number         0  stm32l1xx_hal_gpio.o ABSOLUTE
    ../Drivers/STM32L1xx_HAL_Driver/Src/stm32l1xx_hal_pwr.c 0x00000000   Number         0  stm32l1xx_hal_pwr.o ABSOLUTE
    ../Drivers/STM32L1xx_HAL_Driver/Src/stm32l1xx_hal_pwr_ex.c 0x00000000   Number         0  stm32l1xx_hal_pwr_ex.o ABSOLUTE
    ../Drivers/STM32L1xx_HAL_Driver/Src/stm32l1xx_hal_rcc.c 0x00000000   Number         0  stm32l1xx_hal_rcc.o ABSOLUTE
    ../Drivers/STM32L1xx_HAL_Driver/Src/stm32l1xx_hal_rcc_ex.c 0x00000000   Number         0  stm32l1xx_hal_rcc_ex.o ABSOLUTE
    ../Drivers/STM32L1xx_HAL_Driver/Src/stm32l1xx_hal_spi.c 0x00000000   Number         0  stm32l1xx_hal_spi.o ABSOLUTE
    ../Drivers/STM32L1xx_HAL_Driver/Src/stm32l1xx_hal_spi_ex.c 0x00000000   Number         0  stm32l1xx_hal_spi_ex.o ABSOLUTE
    ../Drivers/STM32L1xx_HAL_Driver/Src/stm32l1xx_hal_tim.c 0x00000000   Number         0  stm32l1xx_hal_tim.o ABSOLUTE
    ../Drivers/STM32L1xx_HAL_Driver/Src/stm32l1xx_hal_tim_ex.c 0x00000000   Number         0  stm32l1xx_hal_tim_ex.o ABSOLUTE
    ../Drivers/STM32L1xx_HAL_Driver/Src/stm32l1xx_hal_uart.c 0x00000000   Number         0  stm32l1xx_hal_uart.o ABSOLUTE
    ../Src/dma.c                             0x00000000   Number         0  dma.o ABSOLUTE
    ../Src/gpio.c                            0x00000000   Number         0  gpio.o ABSOLUTE
    ../Src/main.c                            0x00000000   Number         0  main.o ABSOLUTE
    ../Src/spi.c                             0x00000000   Number         0  spi.o ABSOLUTE
    ../Src/stm32l1xx_hal_msp.c               0x00000000   Number         0  stm32l1xx_hal_msp.o ABSOLUTE
    ../Src/stm32l1xx_it.c                    0x00000000   Number         0  stm32l1xx_it.o ABSOLUTE
    ../Src/system_stm32l1xx.c                0x00000000   Number         0  system_stm32l1xx.o ABSOLUTE
    ../Src/usart.c                           0x00000000   Number         0  usart.o ABSOLUTE
    ../clib/microlib/division.c              0x00000000   Number         0  uldiv.o ABSOLUTE
    ../clib/microlib/division.c              0x00000000   Number         0  uidiv.o ABSOLUTE
    ../clib/microlib/init/entry.s            0x00000000   Number         0  entry9a.o ABSOLUTE
    ../clib/microlib/init/entry.s            0x00000000   Number         0  entry5.o ABSOLUTE
    ../clib/microlib/init/entry.s            0x00000000   Number         0  entry11b.o ABSOLUTE
    ../clib/microlib/init/entry.s            0x00000000   Number         0  entry10a.o ABSOLUTE
    ../clib/microlib/init/entry.s            0x00000000   Number         0  entry11a.o ABSOLUTE
    ../clib/microlib/init/entry.s            0x00000000   Number         0  entry10b.o ABSOLUTE
    ../clib/microlib/init/entry.s            0x00000000   Number         0  entry9b.o ABSOLUTE
    ../clib/microlib/init/entry.s            0x00000000   Number         0  entry8b.o ABSOLUTE
    ../clib/microlib/init/entry.s            0x00000000   Number         0  entry8a.o ABSOLUTE
    ../clib/microlib/init/entry.s            0x00000000   Number         0  entry7b.o ABSOLUTE
    ../clib/microlib/init/entry.s            0x00000000   Number         0  entry7a.o ABSOLUTE
    ../clib/microlib/init/entry.s            0x00000000   Number         0  entry2.o ABSOLUTE
    ../clib/microlib/init/entry.s            0x00000000   Number         0  entry.o ABSOLUTE
    ../clib/microlib/longlong.c              0x00000000   Number         0  llushr.o ABSOLUTE
    ../clib/microlib/longlong.c              0x00000000   Number         0  llsshr.o ABSOLUTE
    ../clib/microlib/longlong.c              0x00000000   Number         0  llshl.o ABSOLUTE
    ../clib/microlib/printf/printf.c         0x00000000   Number         0  printf6.o ABSOLUTE
    ../clib/microlib/printf/printf.c         0x00000000   Number         0  printf7.o ABSOLUTE
    ../clib/microlib/printf/printf.c         0x00000000   Number         0  printfa.o ABSOLUTE
    ../clib/microlib/printf/printf.c         0x00000000   Number         0  printf8.o ABSOLUTE
    ../clib/microlib/printf/printf.c         0x00000000   Number         0  printf3.o ABSOLUTE
    ../clib/microlib/printf/printf.c         0x00000000   Number         0  printf5.o ABSOLUTE
    ../clib/microlib/printf/printf.c         0x00000000   Number         0  printf0.o ABSOLUTE
    ../clib/microlib/printf/printf.c         0x00000000   Number         0  printf4.o ABSOLUTE
    ../clib/microlib/printf/printf.c         0x00000000   Number         0  printf2.o ABSOLUTE
    ../clib/microlib/printf/printf.c         0x00000000   Number         0  printfb.o ABSOLUTE
    ../clib/microlib/printf/printf.c         0x00000000   Number         0  printf1.o ABSOLUTE
    ../clib/microlib/printf/stubs.s          0x00000000   Number         0  stubs.o ABSOLUTE
    ../clib/microlib/stdio/streams.c         0x00000000   Number         0  stdout.o ABSOLUTE
    ../clib/microlib/string/memcmp.c         0x00000000   Number         0  memcmp.o ABSOLUTE
    ../clib/microlib/string/memcpy.c         0x00000000   Number         0  memcpya.o ABSOLUTE
    ../clib/microlib/string/memcpy.c         0x00000000   Number         0  memcpyb.o ABSOLUTE
    ../clib/microlib/string/memset.c         0x00000000   Number         0  memseta.o ABSOLUTE
    ../clib/microlib/stubs.s                 0x00000000   Number         0  iusefp.o ABSOLUTE
    ../fplib/microlib/d2f.c                  0x00000000   Number         0  d2f.o ABSOLUTE
    ../fplib/microlib/f2d.c                  0x00000000   Number         0  f2d.o ABSOLUTE
    ../fplib/microlib/fpadd.c                0x00000000   Number         0  dadd.o ABSOLUTE
    ../fplib/microlib/fpdiv.c                0x00000000   Number         0  ddiv.o ABSOLUTE
    ../fplib/microlib/fpepilogue.c           0x00000000   Number         0  fepilogue.o ABSOLUTE
    ../fplib/microlib/fpepilogue.c           0x00000000   Number         0  depilogue.o ABSOLUTE
    ../fplib/microlib/fpfix.c                0x00000000   Number         0  dfixul.o ABSOLUTE
    ../fplib/microlib/fpflt.c                0x00000000   Number         0  dfltui.o ABSOLUTE
    ../fplib/microlib/fpflt.c                0x00000000   Number         0  dflti.o ABSOLUTE
    ../fplib/microlib/fpmul.c                0x00000000   Number         0  dmul.o ABSOLUTE
    ..\Drivers\STM32L1xx_HAL_Driver\Src\stm32l1xx_hal.c 0x00000000   Number         0  stm32l1xx_hal.o ABSOLUTE
    ..\Drivers\STM32L1xx_HAL_Driver\Src\stm32l1xx_hal_cortex.c 0x00000000   Number         0  stm32l1xx_hal_cortex.o ABSOLUTE
    ..\Drivers\STM32L1xx_HAL_Driver\Src\stm32l1xx_hal_dma.c 0x00000000   Number         0  stm32l1xx_hal_dma.o ABSOLUTE
    ..\Drivers\STM32L1xx_HAL_Driver\Src\stm32l1xx_hal_flash.c 0x00000000   Number         0  stm32l1xx_hal_flash.o ABSOLUTE
    ..\Drivers\STM32L1xx_HAL_Driver\Src\stm32l1xx_hal_flash_ex.c 0x00000000   Number         0  stm32l1xx_hal_flash_ex.o ABSOLUTE
    ..\Drivers\STM32L1xx_HAL_Driver\Src\stm32l1xx_hal_flash_ramfunc.c 0x00000000   Number         0  stm32l1xx_hal_flash_ramfunc.o ABSOLUTE
    ..\Drivers\STM32L1xx_HAL_Driver\Src\stm32l1xx_hal_gpio.c 0x00000000   Number         0  stm32l1xx_hal_gpio.o ABSOLUTE
    ..\Drivers\STM32L1xx_HAL_Driver\Src\stm32l1xx_hal_pwr.c 0x00000000   Number         0  stm32l1xx_hal_pwr.o ABSOLUTE
    ..\Drivers\STM32L1xx_HAL_Driver\Src\stm32l1xx_hal_pwr_ex.c 0x00000000   Number         0  stm32l1xx_hal_pwr_ex.o ABSOLUTE
    ..\Drivers\STM32L1xx_HAL_Driver\Src\stm32l1xx_hal_rcc.c 0x00000000   Number         0  stm32l1xx_hal_rcc.o ABSOLUTE
    ..\Drivers\STM32L1xx_HAL_Driver\Src\stm32l1xx_hal_rcc_ex.c 0x00000000   Number         0  stm32l1xx_hal_rcc_ex.o ABSOLUTE
    ..\Drivers\STM32L1xx_HAL_Driver\Src\stm32l1xx_hal_spi.c 0x00000000   Number         0  stm32l1xx_hal_spi.o ABSOLUTE
    ..\Drivers\STM32L1xx_HAL_Driver\Src\stm32l1xx_hal_spi_ex.c 0x00000000   Number         0  stm32l1xx_hal_spi_ex.o ABSOLUTE
    ..\Drivers\STM32L1xx_HAL_Driver\Src\stm32l1xx_hal_tim.c 0x00000000   Number         0  stm32l1xx_hal_tim.o ABSOLUTE
    ..\Drivers\STM32L1xx_HAL_Driver\Src\stm32l1xx_hal_tim_ex.c 0x00000000   Number         0  stm32l1xx_hal_tim_ex.o ABSOLUTE
    ..\Drivers\STM32L1xx_HAL_Driver\Src\stm32l1xx_hal_uart.c 0x00000000   Number         0  stm32l1xx_hal_uart.o ABSOLUTE
    ..\Src\dma.c                             0x00000000   Number         0  dma.o ABSOLUTE
    ..\Src\gpio.c                            0x00000000   Number         0  gpio.o ABSOLUTE
    ..\Src\main.c                            0x00000000   Number         0  main.o ABSOLUTE
    ..\Src\spi.c                             0x00000000   Number         0  spi.o ABSOLUTE
    ..\Src\stm32l1xx_hal_msp.c               0x00000000   Number         0  stm32l1xx_hal_msp.o ABSOLUTE
    ..\Src\stm32l1xx_it.c                    0x00000000   Number         0  stm32l1xx_it.o ABSOLUTE
    ..\Src\system_stm32l1xx.c                0x00000000   Number         0  system_stm32l1xx.o ABSOLUTE
    ..\Src\usart.c                           0x00000000   Number         0  usart.o ABSOLUTE
    cdrcmple.s                               0x00000000   Number         0  cdrcmple.o ABSOLUTE
    dc.s                                     0x00000000   Number         0  dc.o ABSOLUTE
    handlers.s                               0x00000000   Number         0  handlers.o ABSOLUTE
    init.s                                   0x00000000   Number         0  init.o ABSOLUTE
    startup_stm32l151xba.s                   0x00000000   Number         0  startup_stm32l151xba.o ABSOLUTE
    RESET                                    0x08000000   Section      244  startup_stm32l151xba.o(RESET)
    .ARM.Collect$$$$00000000                 0x080000f4   Section        0  entry.o(.ARM.Collect$$$$00000000)
    .ARM.Collect$$$$00000001                 0x080000f4   Section        4  entry2.o(.ARM.Collect$$$$00000001)
    .ARM.Collect$$$$00000004                 0x080000f8   Section        4  entry5.o(.ARM.Collect$$$$00000004)
    .ARM.Collect$$$$00000008                 0x080000fc   Section        0  entry7b.o(.ARM.Collect$$$$00000008)
    .ARM.Collect$$$$0000000A                 0x080000fc   Section        0  entry8b.o(.ARM.Collect$$$$0000000A)
    .ARM.Collect$$$$0000000B                 0x080000fc   Section        8  entry9a.o(.ARM.Collect$$$$0000000B)
    .ARM.Collect$$$$0000000D                 0x08000104   Section        0  entry10a.o(.ARM.Collect$$$$0000000D)
    .ARM.Collect$$$$0000000F                 0x08000104   Section        0  entry11a.o(.ARM.Collect$$$$0000000F)
    .ARM.Collect$$$$00002712                 0x08000104   Section        4  entry2.o(.ARM.Collect$$$$00002712)
    __lit__00000000                          0x08000104   Data           4  entry2.o(.ARM.Collect$$$$00002712)
    .text                                    0x08000108   Section       36  startup_stm32l151xba.o(.text)
    .text                                    0x0800012c   Section        0  memcpya.o(.text)
    .text                                    0x08000150   Section        0  memseta.o(.text)
    .text                                    0x08000174   Section        0  memcmp.o(.text)
    .text                                    0x0800018e   Section        0  dadd.o(.text)
    .text                                    0x080002dc   Section        0  dmul.o(.text)
    .text                                    0x080003c0   Section        0  dflti.o(.text)
    .text                                    0x080003e2   Section        0  dfltui.o(.text)
    .text                                    0x080003fc   Section        0  f2d.o(.text)
    .text                                    0x08000422   Section        0  d2f.o(.text)
    .text                                    0x0800045a   Section        0  uidiv.o(.text)
    .text                                    0x08000486   Section        0  uldiv.o(.text)
    .text                                    0x080004e8   Section        0  llshl.o(.text)
    .text                                    0x08000506   Section        0  llsshr.o(.text)
    .text                                    0x0800052a   Section        0  iusefp.o(.text)
    .text                                    0x0800052a   Section        0  fepilogue.o(.text)
    .text                                    0x08000598   Section        0  depilogue.o(.text)
    .text                                    0x08000652   Section        0  ddiv.o(.text)
    .text                                    0x08000730   Section        0  dfixul.o(.text)
    .text                                    0x08000760   Section       48  cdrcmple.o(.text)
    .text                                    0x08000790   Section       36  init.o(.text)
    .text                                    0x080007b4   Section        0  llushr.o(.text)
    i.BusFault_Handler                       0x080007d4   Section        0  stm32l1xx_it.o(i.BusFault_Handler)
    i.Chg_BW                                 0x080007d8   Section        0  main.o(i.Chg_BW)
    i.Chg_CR                                 0x0800084c   Section        0  main.o(i.Chg_CR)
    i.Chg_Freq                               0x080008f0   Section        0  main.o(i.Chg_Freq)
    i.Chg_Power                              0x080009a8   Section        0  main.o(i.Chg_Power)
    i.Chg_SF                                 0x08000b24   Section        0  main.o(i.Chg_SF)
    i.DMA1_Channel5_IRQHandler               0x08000bbc   Section        0  stm32l1xx_it.o(i.DMA1_Channel5_IRQHandler)
    i.DMA_SetConfig                          0x08000bc8   Section        0  stm32l1xx_hal_dma.o(i.DMA_SetConfig)
    DMA_SetConfig                            0x08000bc9   Thumb Code    42  stm32l1xx_hal_dma.o(i.DMA_SetConfig)
    i.DebugMon_Handler                       0x08000bf2   Section        0  stm32l1xx_it.o(i.DebugMon_Handler)
    i.Delay1s                                0x08000bf4   Section        0  gpio.o(i.Delay1s)
    i.EXTI1_IRQHandler                       0x08000c06   Section        0  stm32l1xx_it.o(i.EXTI1_IRQHandler)
    i.FUN_RF_SENDPACKET                      0x08000c0c   Section        0  gpio.o(i.FUN_RF_SENDPACKET)
    i.HAL_DMA_Abort                          0x08000cb8   Section        0  stm32l1xx_hal_dma.o(i.HAL_DMA_Abort)
    i.HAL_DMA_IRQHandler                     0x08000ce8   Section        0  stm32l1xx_hal_dma.o(i.HAL_DMA_IRQHandler)
    i.HAL_DMA_Init                           0x08000d90   Section        0  stm32l1xx_hal_dma.o(i.HAL_DMA_Init)
    i.HAL_DMA_Start_IT                       0x08000df4   Section        0  stm32l1xx_hal_dma.o(i.HAL_DMA_Start_IT)
    i.HAL_Delay                              0x08000e64   Section        0  stm32l1xx_hal.o(i.HAL_Delay)
    i.HAL_GPIO_EXTI_Callback                 0x08000e7a   Section        0  main.o(i.HAL_GPIO_EXTI_Callback)
    i.HAL_GPIO_EXTI_IRQHandler               0x08000e80   Section        0  stm32l1xx_hal_gpio.o(i.HAL_GPIO_EXTI_IRQHandler)
    i.HAL_GPIO_Init                          0x08000e98   Section        0  stm32l1xx_hal_gpio.o(i.HAL_GPIO_Init)
    i.HAL_GPIO_ReadPin                       0x08001024   Section        0  stm32l1xx_hal_gpio.o(i.HAL_GPIO_ReadPin)
    i.HAL_GPIO_WritePin                      0x0800102e   Section        0  stm32l1xx_hal_gpio.o(i.HAL_GPIO_WritePin)
    i.HAL_GetTick                            0x08001038   Section        0  stm32l1xx_hal.o(i.HAL_GetTick)
    i.HAL_IncTick                            0x08001044   Section        0  stm32l1xx_hal.o(i.HAL_IncTick)
    i.HAL_Init                               0x08001054   Section        0  stm32l1xx_hal.o(i.HAL_Init)
    i.HAL_InitTick                           0x0800106c   Section        0  stm32l1xx_hal.o(i.HAL_InitTick)
    i.HAL_MspInit                            0x08001094   Section        0  stm32l1xx_hal_msp.o(i.HAL_MspInit)
    i.HAL_NVIC_EnableIRQ                     0x08001124   Section        0  stm32l1xx_hal_cortex.o(i.HAL_NVIC_EnableIRQ)
    i.HAL_NVIC_SetPriority                   0x0800113c   Section        0  stm32l1xx_hal_cortex.o(i.HAL_NVIC_SetPriority)
    i.HAL_NVIC_SetPriorityGrouping           0x0800117c   Section        0  stm32l1xx_hal_cortex.o(i.HAL_NVIC_SetPriorityGrouping)
    i.HAL_RCC_ClockConfig                    0x080011a0   Section        0  stm32l1xx_hal_rcc.o(i.HAL_RCC_ClockConfig)
    i.HAL_RCC_GetHCLKFreq                    0x08001374   Section        0  stm32l1xx_hal_rcc.o(i.HAL_RCC_GetHCLKFreq)
    i.HAL_RCC_GetPCLK1Freq                   0x08001380   Section        0  stm32l1xx_hal_rcc.o(i.HAL_RCC_GetPCLK1Freq)
    i.HAL_RCC_GetPCLK2Freq                   0x080013b0   Section        0  stm32l1xx_hal_rcc.o(i.HAL_RCC_GetPCLK2Freq)
    i.HAL_RCC_GetSysClockFreq                0x080013e0   Section        0  stm32l1xx_hal_rcc.o(i.HAL_RCC_GetSysClockFreq)
    i.HAL_RCC_OscConfig                      0x0800146c   Section        0  stm32l1xx_hal_rcc.o(i.HAL_RCC_OscConfig)
    i.HAL_SPI_Init                           0x08001bbc   Section        0  stm32l1xx_hal_spi_ex.o(i.HAL_SPI_Init)
    i.HAL_SPI_MspInit                        0x08001c38   Section        0  spi.o(i.HAL_SPI_MspInit)
    i.HAL_SPI_Receive                        0x08001c84   Section        0  stm32l1xx_hal_spi.o(i.HAL_SPI_Receive)
    i.HAL_SPI_Transmit                       0x08001e5c   Section        0  stm32l1xx_hal_spi.o(i.HAL_SPI_Transmit)
    i.HAL_SPI_TransmitReceive                0x08001f9e   Section        0  stm32l1xx_hal_spi.o(i.HAL_SPI_TransmitReceive)
    i.HAL_SYSTICK_CLKSourceConfig            0x08002250   Section        0  stm32l1xx_hal_cortex.o(i.HAL_SYSTICK_CLKSourceConfig)
    i.HAL_SYSTICK_Callback                   0x08002268   Section        0  stm32l1xx_hal_cortex.o(i.HAL_SYSTICK_Callback)
    i.HAL_SYSTICK_Config                     0x0800226a   Section        0  stm32l1xx_hal_cortex.o(i.HAL_SYSTICK_Config)
    i.HAL_SYSTICK_IRQHandler                 0x08002292   Section        0  stm32l1xx_hal_cortex.o(i.HAL_SYSTICK_IRQHandler)
    i.HAL_UART_DMAStop                       0x0800229a   Section        0  stm32l1xx_hal_uart.o(i.HAL_UART_DMAStop)
    i.HAL_UART_ErrorCallback                 0x080022c2   Section        0  stm32l1xx_hal_uart.o(i.HAL_UART_ErrorCallback)
    i.HAL_UART_IRQHandler                    0x080022c4   Section        0  stm32l1xx_hal_uart.o(i.HAL_UART_IRQHandler)
    i.HAL_UART_Init                          0x0800239e   Section        0  stm32l1xx_hal_uart.o(i.HAL_UART_Init)
    i.HAL_UART_MspInit                       0x080023fc   Section        0  usart.o(i.HAL_UART_MspInit)
    i.HAL_UART_Receive_DMA                   0x08002508   Section        0  stm32l1xx_hal_uart.o(i.HAL_UART_Receive_DMA)
    i.HAL_UART_Receive_IT                    0x08002590   Section        0  stm32l1xx_hal_uart.o(i.HAL_UART_Receive_IT)
    i.HAL_UART_RxCpltCallback                0x080025fc   Section        0  main.o(i.HAL_UART_RxCpltCallback)
    i.HAL_UART_RxHalfCpltCallback            0x08002690   Section        0  stm32l1xx_hal_uart.o(i.HAL_UART_RxHalfCpltCallback)
    i.HAL_UART_Transmit                      0x08002694   Section        0  stm32l1xx_hal_uart.o(i.HAL_UART_Transmit)
    i.HAL_UART_TxCpltCallback                0x08002760   Section        0  stm32l1xx_hal_uart.o(i.HAL_UART_TxCpltCallback)
    i.HardFault_Handler                      0x08002762   Section        0  stm32l1xx_it.o(i.HardFault_Handler)
    i.Hex2asc_h                              0x08002764   Section        0  main.o(i.Hex2asc_h)
    i.Hex2asc_l                              0x08002772   Section        0  main.o(i.Hex2asc_l)
    i.Lora_Init                              0x08002784   Section        0  gpio.o(i.Lora_Init)
    i.Lora_RecDataGet                        0x0800279c   Section        0  gpio.o(i.Lora_RecDataGet)
    i.Lora_Send                              0x080027b8   Section        0  gpio.o(i.Lora_Send)
    i.MX_DMA_Init                            0x080027bc   Section        0  dma.o(i.MX_DMA_Init)
    i.MX_GPIO_Init                           0x080027e8   Section        0  gpio.o(i.MX_GPIO_Init)
    i.MX_SPI1_Init                           0x08002960   Section        0  spi.o(i.MX_SPI1_Init)
    i.MX_USART1_UART_Init                    0x080029bc   Section        0  usart.o(i.MX_USART1_UART_Init)
    i.MX_USART2_UART_Init                    0x08002a08   Section        0  usart.o(i.MX_USART2_UART_Init)
    i.MX_USART3_UART_Init                    0x08002a54   Section        0  usart.o(i.MX_USART3_UART_Init)
    i.MemManage_Handler                      0x08002aa0   Section        0  stm32l1xx_it.o(i.MemManage_Handler)
    i.NMI_Handler                            0x08002aa2   Section        0  stm32l1xx_it.o(i.NMI_Handler)
    i.NVIC_SetPriority                       0x08002aa4   Section        0  stm32l1xx_hal_cortex.o(i.NVIC_SetPriority)
    NVIC_SetPriority                         0x08002aa5   Thumb Code    32  stm32l1xx_hal_cortex.o(i.NVIC_SetPriority)
    i.PendSV_Handler                         0x08002ac4   Section        0  stm32l1xx_it.o(i.PendSV_Handler)
    i.RCC_SetFlashLatencyFromMSIRange        0x08002ac8   Section        0  stm32l1xx_hal_rcc.o(i.RCC_SetFlashLatencyFromMSIRange)
    RCC_SetFlashLatencyFromMSIRange          0x08002ac9   Thumb Code   116  stm32l1xx_hal_rcc.o(i.RCC_SetFlashLatencyFromMSIRange)
    i.RF_RECEIVE                             0x08002b48   Section        0  gpio.o(i.RF_RECEIVE)
    i.RF_SPI_READ_BYTE                       0x08002b98   Section        0  gpio.o(i.RF_SPI_READ_BYTE)
    i.RF_SPI_WRITE_BYTE                      0x08002bd8   Section        0  gpio.o(i.RF_SPI_WRITE_BYTE)
    i.SPI_WaitOnFlagUntilTimeout             0x08002c18   Section        0  stm32l1xx_hal_spi.o(i.SPI_WaitOnFlagUntilTimeout)
    SPI_WaitOnFlagUntilTimeout               0x08002c19   Thumb Code   158  stm32l1xx_hal_spi.o(i.SPI_WaitOnFlagUntilTimeout)
    i.SVC_Handler                            0x08002cb6   Section        0  stm32l1xx_it.o(i.SVC_Handler)
    i.SX1276LORA_INT                         0x08002cb8   Section        0  gpio.o(i.SX1276LORA_INT)
    i.SX1276LoRaFsk                          0x08002d20   Section        0  gpio.o(i.SX1276LoRaFsk)
    i.SX1276LoRaSetErrorCoding               0x08002d3a   Section        0  gpio.o(i.SX1276LoRaSetErrorCoding)
    i.SX1276LoRaSetImplicitHeaderOn          0x08002d58   Section        0  gpio.o(i.SX1276LoRaSetImplicitHeaderOn)
    i.SX1276LoRaSetMobileNode                0x08002d72   Section        0  gpio.o(i.SX1276LoRaSetMobileNode)
    i.SX1276LoRaSetNbTrigPeaks               0x08002d90   Section        0  gpio.o(i.SX1276LoRaSetNbTrigPeaks)
    i.SX1276LoRaSetOpMode                    0x08002daa   Section        0  gpio.o(i.SX1276LoRaSetOpMode)
    i.SX1276LoRaSetPacketCrcOn               0x08002dc4   Section        0  gpio.o(i.SX1276LoRaSetPacketCrcOn)
    i.SX1276LoRaSetPayloadLength             0x08002de2   Section        0  gpio.o(i.SX1276LoRaSetPayloadLength)
    i.SX1276LoRaSetRFFrequency               0x08002dec   Section        0  gpio.o(i.SX1276LoRaSetRFFrequency)
    i.SX1276LoRaSetRFPower                   0x08002e10   Section        0  gpio.o(i.SX1276LoRaSetRFPower)
    i.SX1276LoRaSetSignalBandwidth           0x08002e30   Section        0  gpio.o(i.SX1276LoRaSetSignalBandwidth)
    i.SX1276LoRaSetSpreadingFactor           0x08002e4a   Section        0  gpio.o(i.SX1276LoRaSetSpreadingFactor)
    i.SX1276LoRaSetSymbTimeout               0x08002e6a   Section        0  gpio.o(i.SX1276LoRaSetSymbTimeout)
    i.SX1276ReadBuffer                       0x08002ea0   Section        0  gpio.o(i.SX1276ReadBuffer)
    i.SX1276Reset                            0x08002eec   Section        0  gpio.o(i.SX1276Reset)
    i.SX1276WriteBuffer                      0x08002f1c   Section        0  gpio.o(i.SX1276WriteBuffer)
    i.SX1278_Interupt                        0x08002f64   Section        0  gpio.o(i.SX1278_Interupt)
    i.SysTick_Handler                        0x080031c4   Section        0  stm32l1xx_it.o(i.SysTick_Handler)
    i.SystemClock_Config                     0x080031d4   Section        0  main.o(i.SystemClock_Config)
    i.SystemInit                             0x08003250   Section        0  system_stm32l1xx.o(i.SystemInit)
    i.UART_DMAError                          0x080032a0   Section        0  stm32l1xx_hal_uart.o(i.UART_DMAError)
    UART_DMAError                            0x080032a1   Thumb Code    30  stm32l1xx_hal_uart.o(i.UART_DMAError)
    i.UART_DMAReceiveCplt                    0x080032c0   Section        0  stm32l1xx_hal_uart.o(i.UART_DMAReceiveCplt)
    UART_DMAReceiveCplt                      0x080032c1   Thumb Code    54  stm32l1xx_hal_uart.o(i.UART_DMAReceiveCplt)
    i.UART_DMARxHalfCplt                     0x080032f6   Section        0  stm32l1xx_hal_uart.o(i.UART_DMARxHalfCplt)
    UART_DMARxHalfCplt                       0x080032f7   Thumb Code    10  stm32l1xx_hal_uart.o(i.UART_DMARxHalfCplt)
    i.UART_Receive_IT                        0x08003300   Section        0  stm32l1xx_hal_uart.o(i.UART_Receive_IT)
    UART_Receive_IT                          0x08003301   Thumb Code   168  stm32l1xx_hal_uart.o(i.UART_Receive_IT)
    i.UART_SetConfig                         0x080033a8   Section        0  stm32l1xx_hal_uart.o(i.UART_SetConfig)
    UART_SetConfig                           0x080033a9   Thumb Code   666  stm32l1xx_hal_uart.o(i.UART_SetConfig)
    i.UART_Transmit_IT                       0x08003648   Section        0  stm32l1xx_hal_uart.o(i.UART_Transmit_IT)
    UART_Transmit_IT                         0x08003649   Thumb Code   102  stm32l1xx_hal_uart.o(i.UART_Transmit_IT)
    i.UART_WaitOnFlagUntilTimeout            0x080036ae   Section        0  stm32l1xx_hal_uart.o(i.UART_WaitOnFlagUntilTimeout)
    UART_WaitOnFlagUntilTimeout              0x080036af   Thumb Code   146  stm32l1xx_hal_uart.o(i.UART_WaitOnFlagUntilTimeout)
    i.USART1_IRQHandler                      0x08003740   Section        0  stm32l1xx_it.o(i.USART1_IRQHandler)
    i.USART2_IRQHandler                      0x08003758   Section        0  stm32l1xx_it.o(i.USART2_IRQHandler)
    i.UsageFault_Handler                     0x08003764   Section        0  stm32l1xx_it.o(i.UsageFault_Handler)
    i.UsartReceive_IDLE                      0x08003768   Section        0  usart.o(i.UsartReceive_IDLE)
    i._Error_Handler                         0x080037c0   Section        0  main.o(i._Error_Handler)
    i.__0printf                              0x080037c4   Section        0  printfa.o(i.__0printf)
    i.__scatterload_copy                     0x080037e4   Section       14  handlers.o(i.__scatterload_copy)
    i.__scatterload_null                     0x080037f2   Section        2  handlers.o(i.__scatterload_null)
    i.__scatterload_zeroinit                 0x080037f4   Section       14  handlers.o(i.__scatterload_zeroinit)
    i._fp_digits                             0x08003804   Section        0  printfa.o(i._fp_digits)
    _fp_digits                               0x08003805   Thumb Code   334  printfa.o(i._fp_digits)
    i._printf_core                           0x08003968   Section        0  printfa.o(i._printf_core)
    _printf_core                             0x08003969   Thumb Code  1744  printfa.o(i._printf_core)
    i._printf_post_padding                   0x08004044   Section        0  printfa.o(i._printf_post_padding)
    _printf_post_padding                     0x08004045   Thumb Code    36  printfa.o(i._printf_post_padding)
    i._printf_pre_padding                    0x08004068   Section        0  printfa.o(i._printf_pre_padding)
    _printf_pre_padding                      0x08004069   Thumb Code    46  printfa.o(i._printf_pre_padding)
    i.asc2base                               0x08004096   Section        0  main.o(i.asc2base)
    i.cmdSwitchEn                            0x080040d4   Section        0  gpio.o(i.cmdSwitchEn)
    i.cmdSwitchPA                            0x080040f0   Section        0  gpio.o(i.cmdSwitchPA)
    i.fputc                                  0x08004130   Section        0  usart.o(i.fputc)
    i.main                                   0x08004148   Section        0  main.o(i.main)
    i.register_rf_func                       0x08004740   Section        0  gpio.o(i.register_rf_func)
    .constdata                               0x08004764   Section        8  gpio.o(.constdata)
    .constdata                               0x0800476c   Section       25  system_stm32l1xx.o(.constdata)
    .constdata                               0x08004785   Section        8  system_stm32l1xx.o(.constdata)
    .conststring                             0x08004790   Section       85  main.o(.conststring)
    .data                                    0x20000000   Section        4  stm32l1xx_hal.o(.data)
    .data                                    0x20000004   Section       24  gpio.o(.data)
    .data                                    0x2000001c   Section       27  main.o(.data)
    .data                                    0x20000038   Section        4  system_stm32l1xx.o(.data)
    .data                                    0x2000003c   Section        4  stdout.o(.data)
    .bss                                     0x20000040   Section      528  gpio.o(.bss)
    .bss                                     0x20000250   Section       88  spi.o(.bss)
    .bss                                     0x200002a8   Section      284  usart.o(.bss)
    .bss                                     0x200003c4   Section      121  main.o(.bss)
    STACK                                    0x20000440   Section     1024  startup_stm32l151xba.o(STACK)

    Global Symbols

    Symbol Name                              Value     Ov Type        Size  Object(Section)

    BuildAttributes$$THM_ISAv4$P$D$K$B$S$PE$A:L22UL41UL21$X:L11$S22US41US21$IEEE1$IW$USESV6$~STKCKD$USESV7$~SHL$OTIME$ROPI$EBA8$MICROLIB$REQ8$PRES8$EABIv2 0x00000000   Number         0  anon$$obj.o ABSOLUTE
    __ARM_use_no_argv                        0x00000000   Number         0  main.o ABSOLUTE
    _printf_a                                0x00000000   Number         0  stubs.o ABSOLUTE
    _printf_c                                0x00000000   Number         0  stubs.o ABSOLUTE
    _printf_charcount                        0x00000000   Number         0  stubs.o ABSOLUTE
    _printf_d                                0x00000000   Number         0  stubs.o ABSOLUTE
    _printf_e                                0x00000000   Number         0  stubs.o ABSOLUTE
    _printf_f                                0x00000000   Number         0  stubs.o ABSOLUTE
    _printf_flags                            0x00000000   Number         0  stubs.o ABSOLUTE
    _printf_fp_dec                           0x00000000   Number         0  stubs.o ABSOLUTE
    _printf_fp_hex                           0x00000000   Number         0  stubs.o ABSOLUTE
    _printf_g                                0x00000000   Number         0  stubs.o ABSOLUTE
    _printf_i                                0x00000000   Number         0  stubs.o ABSOLUTE
    _printf_int_dec                          0x00000000   Number         0  stubs.o ABSOLUTE
    _printf_l                                0x00000000   Number         0  stubs.o ABSOLUTE
    _printf_lc                               0x00000000   Number         0  stubs.o ABSOLUTE
    _printf_ll                               0x00000000   Number         0  stubs.o ABSOLUTE
    _printf_lld                              0x00000000   Number         0  stubs.o ABSOLUTE
    _printf_lli                              0x00000000   Number         0  stubs.o ABSOLUTE
    _printf_llo                              0x00000000   Number         0  stubs.o ABSOLUTE
    _printf_llu                              0x00000000   Number         0  stubs.o ABSOLUTE
    _printf_llx                              0x00000000   Number         0  stubs.o ABSOLUTE
    _printf_longlong_dec                     0x00000000   Number         0  stubs.o ABSOLUTE
    _printf_longlong_hex                     0x00000000   Number         0  stubs.o ABSOLUTE
    _printf_longlong_oct                     0x00000000   Number         0  stubs.o ABSOLUTE
    _printf_ls                               0x00000000   Number         0  stubs.o ABSOLUTE
    _printf_mbtowc                           0x00000000   Number         0  stubs.o ABSOLUTE
    _printf_n                                0x00000000   Number         0  stubs.o ABSOLUTE
    _printf_o                                0x00000000   Number         0  stubs.o ABSOLUTE
    _printf_p                                0x00000000   Number         0  stubs.o ABSOLUTE
    _printf_percent                          0x00000000   Number         0  stubs.o ABSOLUTE
    _printf_pre_padding                      0x00000000   Number         0  stubs.o ABSOLUTE
    _printf_return_value                     0x00000000   Number         0  stubs.o ABSOLUTE
    _printf_s                                0x00000000   Number         0  stubs.o ABSOLUTE
    _printf_sizespec                         0x00000000   Number         0  stubs.o ABSOLUTE
    _printf_str                              0x00000000   Number         0  stubs.o ABSOLUTE
    _printf_truncate_signed                  0x00000000   Number         0  stubs.o ABSOLUTE
    _printf_truncate_unsigned                0x00000000   Number         0  stubs.o ABSOLUTE
    _printf_u                                0x00000000   Number         0  stubs.o ABSOLUTE
    _printf_wc                               0x00000000   Number         0  stubs.o ABSOLUTE
    _printf_wctomb                           0x00000000   Number         0  stubs.o ABSOLUTE
    _printf_widthprec                        0x00000000   Number         0  stubs.o ABSOLUTE
    _printf_x                                0x00000000   Number         0  stubs.o ABSOLUTE
    __cpp_initialize__aeabi_                  - Undefined Weak Reference
    __cxa_finalize                            - Undefined Weak Reference
    __decompress                              - Undefined Weak Reference
    _clock_init                               - Undefined Weak Reference
    _microlib_exit                            - Undefined Weak Reference
    __Vectors_Size                           0x000000f4   Number         0  startup_stm32l151xba.o ABSOLUTE
    __Vectors                                0x08000000   Data           4  startup_stm32l151xba.o(RESET)
    __Vectors_End                            0x080000f4   Data           0  startup_stm32l151xba.o(RESET)
    __main                                   0x080000f5   Thumb Code     0  entry.o(.ARM.Collect$$$$00000000)
    _main_stk                                0x080000f5   Thumb Code     0  entry2.o(.ARM.Collect$$$$00000001)
    _main_scatterload                        0x080000f9   Thumb Code     0  entry5.o(.ARM.Collect$$$$00000004)
    __main_after_scatterload                 0x080000fd   Thumb Code     0  entry5.o(.ARM.Collect$$$$00000004)
    _main_clock                              0x080000fd   Thumb Code     0  entry7b.o(.ARM.Collect$$$$00000008)
    _main_cpp_init                           0x080000fd   Thumb Code     0  entry8b.o(.ARM.Collect$$$$0000000A)
    _main_init                               0x080000fd   Thumb Code     0  entry9a.o(.ARM.Collect$$$$0000000B)
    __rt_final_cpp                           0x08000105   Thumb Code     0  entry10a.o(.ARM.Collect$$$$0000000D)
    __rt_final_exit                          0x08000105   Thumb Code     0  entry11a.o(.ARM.Collect$$$$0000000F)
    Reset_Handler                            0x08000109   Thumb Code     8  startup_stm32l151xba.o(.text)
    ADC1_IRQHandler                          0x08000123   Thumb Code     0  startup_stm32l151xba.o(.text)
    COMP_IRQHandler                          0x08000123   Thumb Code     0  startup_stm32l151xba.o(.text)
    DAC_IRQHandler                           0x08000123   Thumb Code     0  startup_stm32l151xba.o(.text)
    DMA1_Channel1_IRQHandler                 0x08000123   Thumb Code     0  startup_stm32l151xba.o(.text)
    DMA1_Channel2_IRQHandler                 0x08000123   Thumb Code     0  startup_stm32l151xba.o(.text)
    DMA1_Channel3_IRQHandler                 0x08000123   Thumb Code     0  startup_stm32l151xba.o(.text)
    DMA1_Channel4_IRQHandler                 0x08000123   Thumb Code     0  startup_stm32l151xba.o(.text)
    DMA1_Channel6_IRQHandler                 0x08000123   Thumb Code     0  startup_stm32l151xba.o(.text)
    DMA1_Channel7_IRQHandler                 0x08000123   Thumb Code     0  startup_stm32l151xba.o(.text)
    EXTI0_IRQHandler                         0x08000123   Thumb Code     0  startup_stm32l151xba.o(.text)
    EXTI15_10_IRQHandler                     0x08000123   Thumb Code     0  startup_stm32l151xba.o(.text)
    EXTI2_IRQHandler                         0x08000123   Thumb Code     0  startup_stm32l151xba.o(.text)
    EXTI3_IRQHandler                         0x08000123   Thumb Code     0  startup_stm32l151xba.o(.text)
    EXTI4_IRQHandler                         0x08000123   Thumb Code     0  startup_stm32l151xba.o(.text)
    EXTI9_5_IRQHandler                       0x08000123   Thumb Code     0  startup_stm32l151xba.o(.text)
    FLASH_IRQHandler                         0x08000123   Thumb Code     0  startup_stm32l151xba.o(.text)
    I2C1_ER_IRQHandler                       0x08000123   Thumb Code     0  startup_stm32l151xba.o(.text)
    I2C1_EV_IRQHandler                       0x08000123   Thumb Code     0  startup_stm32l151xba.o(.text)
    I2C2_ER_IRQHandler                       0x08000123   Thumb Code     0  startup_stm32l151xba.o(.text)
    I2C2_EV_IRQHandler                       0x08000123   Thumb Code     0  startup_stm32l151xba.o(.text)
    PVD_IRQHandler                           0x08000123   Thumb Code     0  startup_stm32l151xba.o(.text)
    RCC_IRQHandler                           0x08000123   Thumb Code     0  startup_stm32l151xba.o(.text)
    RTC_Alarm_IRQHandler                     0x08000123   Thumb Code     0  startup_stm32l151xba.o(.text)
    RTC_WKUP_IRQHandler                      0x08000123   Thumb Code     0  startup_stm32l151xba.o(.text)
    SPI1_IRQHandler                          0x08000123   Thumb Code     0  startup_stm32l151xba.o(.text)
    SPI2_IRQHandler                          0x08000123   Thumb Code     0  startup_stm32l151xba.o(.text)
    TAMPER_STAMP_IRQHandler                  0x08000123   Thumb Code     0  startup_stm32l151xba.o(.text)
    TIM10_IRQHandler                         0x08000123   Thumb Code     0  startup_stm32l151xba.o(.text)
    TIM11_IRQHandler                         0x08000123   Thumb Code     0  startup_stm32l151xba.o(.text)
    TIM2_IRQHandler                          0x08000123   Thumb Code     0  startup_stm32l151xba.o(.text)
    TIM3_IRQHandler                          0x08000123   Thumb Code     0  startup_stm32l151xba.o(.text)
    TIM4_IRQHandler                          0x08000123   Thumb Code     0  startup_stm32l151xba.o(.text)
    TIM6_IRQHandler                          0x08000123   Thumb Code     0  startup_stm32l151xba.o(.text)
    TIM7_IRQHandler                          0x08000123   Thumb Code     0  startup_stm32l151xba.o(.text)
    TIM9_IRQHandler                          0x08000123   Thumb Code     0  startup_stm32l151xba.o(.text)
    USART3_IRQHandler                        0x08000123   Thumb Code     0  startup_stm32l151xba.o(.text)
    USB_FS_WKUP_IRQHandler                   0x08000123   Thumb Code     0  startup_stm32l151xba.o(.text)
    USB_HP_IRQHandler                        0x08000123   Thumb Code     0  startup_stm32l151xba.o(.text)
    USB_LP_IRQHandler                        0x08000123   Thumb Code     0  startup_stm32l151xba.o(.text)
    WWDG_IRQHandler                          0x08000123   Thumb Code     0  startup_stm32l151xba.o(.text)
    __aeabi_memcpy                           0x0800012d   Thumb Code    36  memcpya.o(.text)
    __aeabi_memcpy4                          0x0800012d   Thumb Code     0  memcpya.o(.text)
    __aeabi_memcpy8                          0x0800012d   Thumb Code     0  memcpya.o(.text)
    __aeabi_memset                           0x08000151   Thumb Code    14  memseta.o(.text)
    __aeabi_memset4                          0x08000151   Thumb Code     0  memseta.o(.text)
    __aeabi_memset8                          0x08000151   Thumb Code     0  memseta.o(.text)
    __aeabi_memclr                           0x0800015f   Thumb Code     4  memseta.o(.text)
    __aeabi_memclr4                          0x0800015f   Thumb Code     0  memseta.o(.text)
    __aeabi_memclr8                          0x0800015f   Thumb Code     0  memseta.o(.text)
    _memset$wrapper                          0x08000163   Thumb Code    18  memseta.o(.text)
    memcmp                                   0x08000175   Thumb Code    26  memcmp.o(.text)
    __aeabi_dadd                             0x0800018f   Thumb Code   322  dadd.o(.text)
    __aeabi_dsub                             0x080002d1   Thumb Code     6  dadd.o(.text)
    __aeabi_drsub                            0x080002d7   Thumb Code     6  dadd.o(.text)
    __aeabi_dmul                             0x080002dd   Thumb Code   228  dmul.o(.text)
    __aeabi_i2d                              0x080003c1   Thumb Code    34  dflti.o(.text)
    __aeabi_ui2d                             0x080003e3   Thumb Code    26  dfltui.o(.text)
    __aeabi_f2d                              0x080003fd   Thumb Code    38  f2d.o(.text)
    __aeabi_d2f                              0x08000423   Thumb Code    56  d2f.o(.text)
    __aeabi_uidiv                            0x0800045b   Thumb Code     0  uidiv.o(.text)
    __aeabi_uidivmod                         0x0800045b   Thumb Code    44  uidiv.o(.text)
    __aeabi_uldivmod                         0x08000487   Thumb Code    98  uldiv.o(.text)
    __aeabi_llsl                             0x080004e9   Thumb Code    30  llshl.o(.text)
    _ll_shift_l                              0x080004e9   Thumb Code     0  llshl.o(.text)
    __aeabi_lasr                             0x08000507   Thumb Code    36  llsshr.o(.text)
    _ll_sshift_r                             0x08000507   Thumb Code     0  llsshr.o(.text)
    __I$use$fp                               0x0800052b   Thumb Code     0  iusefp.o(.text)
    _float_round                             0x0800052b   Thumb Code    18  fepilogue.o(.text)
    _float_epilogue                          0x0800053d   Thumb Code    92  fepilogue.o(.text)
    _double_round                            0x08000599   Thumb Code    30  depilogue.o(.text)
    _double_epilogue                         0x080005b7   Thumb Code   156  depilogue.o(.text)
    __aeabi_ddiv                             0x08000653   Thumb Code   222  ddiv.o(.text)
    __aeabi_d2ulz                            0x08000731   Thumb Code    48  dfixul.o(.text)
    __aeabi_cdrcmple                         0x08000761   Thumb Code    48  cdrcmple.o(.text)
    __scatterload                            0x08000791   Thumb Code    28  init.o(.text)
    __scatterload_rt2                        0x08000791   Thumb Code     0  init.o(.text)
    __aeabi_llsr                             0x080007b5   Thumb Code    32  llushr.o(.text)
    _ll_ushift_r                             0x080007b5   Thumb Code     0  llushr.o(.text)
    BusFault_Handler                         0x080007d5   Thumb Code     2  stm32l1xx_it.o(i.BusFault_Handler)
    Chg_BW                                   0x080007d9   Thumb Code    80  main.o(i.Chg_BW)
    Chg_CR                                   0x0800084d   Thumb Code   100  main.o(i.Chg_CR)
    Chg_Freq                                 0x080008f1   Thumb Code   104  main.o(i.Chg_Freq)
    Chg_Power                                0x080009a9   Thumb Code   290  main.o(i.Chg_Power)
    Chg_SF                                   0x08000b25   Thumb Code    86  main.o(i.Chg_SF)
    DMA1_Channel5_IRQHandler                 0x08000bbd   Thumb Code     6  stm32l1xx_it.o(i.DMA1_Channel5_IRQHandler)
    DebugMon_Handler                         0x08000bf3   Thumb Code     2  stm32l1xx_it.o(i.DebugMon_Handler)
    Delay1s                                  0x08000bf5   Thumb Code    18  gpio.o(i.Delay1s)
    EXTI1_IRQHandler                         0x08000c07   Thumb Code     6  stm32l1xx_it.o(i.EXTI1_IRQHandler)
    FUN_RF_SENDPACKET                        0x08000c0d   Thumb Code   160  gpio.o(i.FUN_RF_SENDPACKET)
    HAL_DMA_Abort                            0x08000cb9   Thumb Code    48  stm32l1xx_hal_dma.o(i.HAL_DMA_Abort)
    HAL_DMA_IRQHandler                       0x08000ce9   Thumb Code   168  stm32l1xx_hal_dma.o(i.HAL_DMA_IRQHandler)
    HAL_DMA_Init                             0x08000d91   Thumb Code    92  stm32l1xx_hal_dma.o(i.HAL_DMA_Init)
    HAL_DMA_Start_IT                         0x08000df5   Thumb Code   112  stm32l1xx_hal_dma.o(i.HAL_DMA_Start_IT)
    HAL_Delay                                0x08000e65   Thumb Code    22  stm32l1xx_hal.o(i.HAL_Delay)
    HAL_GPIO_EXTI_Callback                   0x08000e7b   Thumb Code     4  main.o(i.HAL_GPIO_EXTI_Callback)
    HAL_GPIO_EXTI_IRQHandler                 0x08000e81   Thumb Code    18  stm32l1xx_hal_gpio.o(i.HAL_GPIO_EXTI_IRQHandler)
    HAL_GPIO_Init                            0x08000e99   Thumb Code   364  stm32l1xx_hal_gpio.o(i.HAL_GPIO_Init)
    HAL_GPIO_ReadPin                         0x08001025   Thumb Code    10  stm32l1xx_hal_gpio.o(i.HAL_GPIO_ReadPin)
    HAL_GPIO_WritePin                        0x0800102f   Thumb Code    10  stm32l1xx_hal_gpio.o(i.HAL_GPIO_WritePin)
    HAL_GetTick                              0x08001039   Thumb Code     6  stm32l1xx_hal.o(i.HAL_GetTick)
    HAL_IncTick                              0x08001045   Thumb Code    10  stm32l1xx_hal.o(i.HAL_IncTick)
    HAL_Init                                 0x08001055   Thumb Code    22  stm32l1xx_hal.o(i.HAL_Init)
    HAL_InitTick                             0x0800106d   Thumb Code    34  stm32l1xx_hal.o(i.HAL_InitTick)
    HAL_MspInit                              0x08001095   Thumb Code   140  stm32l1xx_hal_msp.o(i.HAL_MspInit)
    HAL_NVIC_EnableIRQ                       0x08001125   Thumb Code    22  stm32l1xx_hal_cortex.o(i.HAL_NVIC_EnableIRQ)
    HAL_NVIC_SetPriority                     0x0800113d   Thumb Code    60  stm32l1xx_hal_cortex.o(i.HAL_NVIC_SetPriority)
    HAL_NVIC_SetPriorityGrouping             0x0800117d   Thumb Code    26  stm32l1xx_hal_cortex.o(i.HAL_NVIC_SetPriorityGrouping)
    HAL_RCC_ClockConfig                      0x080011a1   Thumb Code   450  stm32l1xx_hal_rcc.o(i.HAL_RCC_ClockConfig)
    HAL_RCC_GetHCLKFreq                      0x08001375   Thumb Code     6  stm32l1xx_hal_rcc.o(i.HAL_RCC_GetHCLKFreq)
    HAL_RCC_GetPCLK1Freq                     0x08001381   Thumb Code    34  stm32l1xx_hal_rcc.o(i.HAL_RCC_GetPCLK1Freq)
    HAL_RCC_GetPCLK2Freq                     0x080013b1   Thumb Code    34  stm32l1xx_hal_rcc.o(i.HAL_RCC_GetPCLK2Freq)
    HAL_RCC_GetSysClockFreq                  0x080013e1   Thumb Code   122  stm32l1xx_hal_rcc.o(i.HAL_RCC_GetSysClockFreq)
    HAL_RCC_OscConfig                        0x0800146d   Thumb Code  1860  stm32l1xx_hal_rcc.o(i.HAL_RCC_OscConfig)
    HAL_SPI_Init                             0x08001bbd   Thumb Code   122  stm32l1xx_hal_spi_ex.o(i.HAL_SPI_Init)
    HAL_SPI_MspInit                          0x08001c39   Thumb Code    62  spi.o(i.HAL_SPI_MspInit)
    HAL_SPI_Receive                          0x08001c85   Thumb Code   472  stm32l1xx_hal_spi.o(i.HAL_SPI_Receive)
    HAL_SPI_Transmit                         0x08001e5d   Thumb Code   322  stm32l1xx_hal_spi.o(i.HAL_SPI_Transmit)
    HAL_SPI_TransmitReceive                  0x08001f9f   Thumb Code   690  stm32l1xx_hal_spi.o(i.HAL_SPI_TransmitReceive)
    HAL_SYSTICK_CLKSourceConfig              0x08002251   Thumb Code    24  stm32l1xx_hal_cortex.o(i.HAL_SYSTICK_CLKSourceConfig)
    HAL_SYSTICK_Callback                     0x08002269   Thumb Code     2  stm32l1xx_hal_cortex.o(i.HAL_SYSTICK_Callback)
    HAL_SYSTICK_Config                       0x0800226b   Thumb Code    40  stm32l1xx_hal_cortex.o(i.HAL_SYSTICK_Config)
    HAL_SYSTICK_IRQHandler                   0x08002293   Thumb Code     8  stm32l1xx_hal_cortex.o(i.HAL_SYSTICK_IRQHandler)
    HAL_UART_DMAStop                         0x0800229b   Thumb Code    40  stm32l1xx_hal_uart.o(i.HAL_UART_DMAStop)
    HAL_UART_ErrorCallback                   0x080022c3   Thumb Code     2  stm32l1xx_hal_uart.o(i.HAL_UART_ErrorCallback)
    HAL_UART_IRQHandler                      0x080022c5   Thumb Code   218  stm32l1xx_hal_uart.o(i.HAL_UART_IRQHandler)
    HAL_UART_Init                            0x0800239f   Thumb Code    94  stm32l1xx_hal_uart.o(i.HAL_UART_Init)
    HAL_UART_MspInit                         0x080023fd   Thumb Code   218  usart.o(i.HAL_UART_MspInit)
    HAL_UART_Receive_DMA                     0x08002509   Thumb Code   122  stm32l1xx_hal_uart.o(i.HAL_UART_Receive_DMA)
    HAL_UART_Receive_IT                      0x08002591   Thumb Code   106  stm32l1xx_hal_uart.o(i.HAL_UART_Receive_IT)
    HAL_UART_RxCpltCallback                  0x080025fd   Thumb Code   132  main.o(i.HAL_UART_RxCpltCallback)
    HAL_UART_RxHalfCpltCallback              0x08002691   Thumb Code     2  stm32l1xx_hal_uart.o(i.HAL_UART_RxHalfCpltCallback)
    HAL_UART_Transmit                        0x08002695   Thumb Code   204  stm32l1xx_hal_uart.o(i.HAL_UART_Transmit)
    HAL_UART_TxCpltCallback                  0x08002761   Thumb Code     2  stm32l1xx_hal_uart.o(i.HAL_UART_TxCpltCallback)
    HardFault_Handler                        0x08002763   Thumb Code     2  stm32l1xx_it.o(i.HardFault_Handler)
    Hex2asc_h                                0x08002765   Thumb Code    14  main.o(i.Hex2asc_h)
    Hex2asc_l                                0x08002773   Thumb Code    16  main.o(i.Hex2asc_l)
    Lora_Init                                0x08002785   Thumb Code    20  gpio.o(i.Lora_Init)
    Lora_RecDataGet                          0x0800279d   Thumb Code    24  gpio.o(i.Lora_RecDataGet)
    Lora_Send                                0x080027b9   Thumb Code     4  gpio.o(i.Lora_Send)
    MX_DMA_Init                              0x080027bd   Thumb Code    40  dma.o(i.MX_DMA_Init)
    MX_GPIO_Init                             0x080027e9   Thumb Code   352  gpio.o(i.MX_GPIO_Init)
    MX_SPI1_Init                             0x08002961   Thumb Code    66  spi.o(i.MX_SPI1_Init)
    MX_USART1_UART_Init                      0x080029bd   Thumb Code    52  usart.o(i.MX_USART1_UART_Init)
    MX_USART2_UART_Init                      0x08002a09   Thumb Code    52  usart.o(i.MX_USART2_UART_Init)
    MX_USART3_UART_Init                      0x08002a55   Thumb Code    52  usart.o(i.MX_USART3_UART_Init)
    MemManage_Handler                        0x08002aa1   Thumb Code     2  stm32l1xx_it.o(i.MemManage_Handler)
    NMI_Handler                              0x08002aa3   Thumb Code     2  stm32l1xx_it.o(i.NMI_Handler)
    PendSV_Handler                           0x08002ac5   Thumb Code     2  stm32l1xx_it.o(i.PendSV_Handler)
    RF_RECEIVE                               0x08002b49   Thumb Code    74  gpio.o(i.RF_RECEIVE)
    RF_SPI_READ_BYTE                         0x08002b99   Thumb Code    58  gpio.o(i.RF_SPI_READ_BYTE)
    RF_SPI_WRITE_BYTE                        0x08002bd9   Thumb Code    60  gpio.o(i.RF_SPI_WRITE_BYTE)
    SVC_Handler                              0x08002cb7   Thumb Code     2  stm32l1xx_it.o(i.SVC_Handler)
    SX1276LORA_INT                           0x08002cb9   Thumb Code   104  gpio.o(i.SX1276LORA_INT)
    SX1276LoRaFsk                            0x08002d21   Thumb Code    26  gpio.o(i.SX1276LoRaFsk)
    SX1276LoRaSetErrorCoding                 0x08002d3b   Thumb Code    30  gpio.o(i.SX1276LoRaSetErrorCoding)
    SX1276LoRaSetImplicitHeaderOn            0x08002d59   Thumb Code    26  gpio.o(i.SX1276LoRaSetImplicitHeaderOn)
    SX1276LoRaSetMobileNode                  0x08002d73   Thumb Code    30  gpio.o(i.SX1276LoRaSetMobileNode)
    SX1276LoRaSetNbTrigPeaks                 0x08002d91   Thumb Code    26  gpio.o(i.SX1276LoRaSetNbTrigPeaks)
    SX1276LoRaSetOpMode                      0x08002dab   Thumb Code    26  gpio.o(i.SX1276LoRaSetOpMode)
    SX1276LoRaSetPacketCrcOn                 0x08002dc5   Thumb Code    30  gpio.o(i.SX1276LoRaSetPacketCrcOn)
    SX1276LoRaSetPayloadLength               0x08002de3   Thumb Code     8  gpio.o(i.SX1276LoRaSetPayloadLength)
    SX1276LoRaSetRFFrequency                 0x08002ded   Thumb Code    32  gpio.o(i.SX1276LoRaSetRFFrequency)
    SX1276LoRaSetRFPower                     0x08002e11   Thumb Code    26  gpio.o(i.SX1276LoRaSetRFPower)
    SX1276LoRaSetSignalBandwidth             0x08002e31   Thumb Code    26  gpio.o(i.SX1276LoRaSetSignalBandwidth)
    SX1276LoRaSetSpreadingFactor             0x08002e4b   Thumb Code    32  gpio.o(i.SX1276LoRaSetSpreadingFactor)
    SX1276LoRaSetSymbTimeout                 0x08002e6b   Thumb Code    52  gpio.o(i.SX1276LoRaSetSymbTimeout)
    SX1276ReadBuffer                         0x08002ea1   Thumb Code    66  gpio.o(i.SX1276ReadBuffer)
    SX1276Reset                              0x08002eed   Thumb Code    42  gpio.o(i.SX1276Reset)
    SX1276WriteBuffer                        0x08002f1d   Thumb Code    64  gpio.o(i.SX1276WriteBuffer)
    SX1278_Interupt                          0x08002f65   Thumb Code   490  gpio.o(i.SX1278_Interupt)
    SysTick_Handler                          0x080031c5   Thumb Code    14  stm32l1xx_it.o(i.SysTick_Handler)
    SystemClock_Config                       0x080031d5   Thumb Code   120  main.o(i.SystemClock_Config)
    SystemInit                               0x08003251   Thumb Code    62  system_stm32l1xx.o(i.SystemInit)
    USART1_IRQHandler                        0x08003741   Thumb Code    18  stm32l1xx_it.o(i.USART1_IRQHandler)
    USART2_IRQHandler                        0x08003759   Thumb Code     6  stm32l1xx_it.o(i.USART2_IRQHandler)
    UsageFault_Handler                       0x08003765   Thumb Code     2  stm32l1xx_it.o(i.UsageFault_Handler)
    UsartReceive_IDLE                        0x08003769   Thumb Code    80  usart.o(i.UsartReceive_IDLE)
    _Error_Handler                           0x080037c1   Thumb Code     2  main.o(i._Error_Handler)
    __0printf                                0x080037c5   Thumb Code    22  printfa.o(i.__0printf)
    __1printf                                0x080037c5   Thumb Code     0  printfa.o(i.__0printf)
    __2printf                                0x080037c5   Thumb Code     0  printfa.o(i.__0printf)
    __c89printf                              0x080037c5   Thumb Code     0  printfa.o(i.__0printf)
    printf                                   0x080037c5   Thumb Code     0  printfa.o(i.__0printf)
    __scatterload_copy                       0x080037e5   Thumb Code    14  handlers.o(i.__scatterload_copy)
    __scatterload_null                       0x080037f3   Thumb Code     2  handlers.o(i.__scatterload_null)
    __scatterload_zeroinit                   0x080037f5   Thumb Code    14  handlers.o(i.__scatterload_zeroinit)
    asc2base                                 0x08004097   Thumb Code    62  main.o(i.asc2base)
    cmdSwitchEn                              0x080040d5   Thumb Code    24  gpio.o(i.cmdSwitchEn)
    cmdSwitchPA                              0x080040f1   Thumb Code    58  gpio.o(i.cmdSwitchPA)
    fputc                                    0x08004131   Thumb Code    20  usart.o(i.fputc)
    main                                     0x08004149   Thumb Code  1468  main.o(i.main)
    register_rf_func                         0x08004741   Thumb Code    30  gpio.o(i.register_rf_func)
    power_data                               0x08004764   Data           8  gpio.o(.constdata)
    PLLMulTable                              0x0800476c   Data           9  system_stm32l1xx.o(.constdata)
    AHBPrescTable                            0x08004775   Data          16  system_stm32l1xx.o(.constdata)
    APBPrescTable                            0x08004785   Data           8  system_stm32l1xx.o(.constdata)
    Region$$Table$$Base                      0x080047e8   Number         0  anon$$obj.o(Region$$Table)
    Region$$Table$$Limit                     0x08004808   Number         0  anon$$obj.o(Region$$Table)
    uwTick                                   0x20000000   Data           4  stm32l1xx_hal.o(.data)
    flag                                     0x20000004   Data           1  gpio.o(.data)
    Recv_Num                                 0x20000005   Data           1  gpio.o(.data)
    RF_EX0_STATUS                            0x20000006   Data           1  gpio.o(.data)
    SX1278_RLEN                              0x20000007   Data           1  gpio.o(.data)
    Frequency                                0x20000008   Data           3  gpio.o(.data)
    ctrlTypefunc                             0x2000000c   Data          16  gpio.o(.data)
    serial_num                               0x2000001c   Data           1  main.o(.data)
    cicular                                  0x2000001d   Data           1  main.o(.data)
    ready                                    0x2000001e   Data           1  main.o(.data)
    complt                                   0x2000001f   Data           1  main.o(.data)
    res                                      0x20000020   Data           1  main.o(.data)
    mode                                     0x20000021   Data           1  main.o(.data)
    reg_addr                                 0x20000022   Data           1  main.o(.data)
    asc2_tmp                                 0x20000023   Data           1  main.o(.data)
    bw                                       0x20000024   Data           1  main.o(.data)
    asc2_power                               0x20000025   Data           1  main.o(.data)
    asc2_cr                                  0x20000026   Data           1  main.o(.data)
    uart_flag                                0x20000027   Data           1  main.o(.data)
    recv_len                                 0x20000028   Data           1  main.o(.data)
    cmd_len                                  0x20000029   Data           1  main.o(.data)
    reg_value                                0x2000002a   Data           1  main.o(.data)
    len                                      0x2000002b   Data           1  main.o(.data)
    newline                                  0x2000002c   Data           2  main.o(.data)
    asc2_freq                                0x2000002e   Data           2  main.o(.data)
    reg_value_hex                            0x20000030   Data           2  main.o(.data)
    error_tip                                0x20000032   Data           5  main.o(.data)
    SystemCoreClock                          0x20000038   Data           4  system_stm32l1xx.o(.data)
    __stdout                                 0x2000003c   Data           4  stdout.o(.data)
    lpTypefunc                               0x20000040   Data          16  gpio.o(.bss)
    recv                                     0x20000050   Data         512  gpio.o(.bss)
    hspi1                                    0x20000250   Data          88  spi.o(.bss)
    UsartType1                               0x200002a8   Data          24  usart.o(.bss)
    huart1                                   0x200002c0   Data          64  usart.o(.bss)
    huart2                                   0x20000300   Data          64  usart.o(.bss)
    huart3                                   0x20000340   Data          64  usart.o(.bss)
    hdma_usart1_rx                           0x20000380   Data          68  usart.o(.bss)
    send_msg                                 0x200003c4   Data          10  main.o(.bss)
    rx_cmd                                   0x200003ce   Data          21  main.o(.bss)
    uart_buff                                0x200003e3   Data          20  main.o(.bss)
    cmd_buff                                 0x200003f7   Data          20  main.o(.bss)
    Loradata                                 0x2000040b   Data          50  main.o(.bss)
    __initial_sp                             0x20000840   Data           0  startup_stm32l151xba.o(STACK)



==============================================================================

Memory Map of the image

  Image Entry point : 0x080000f5

  Load Region LR_IROM1 (Base: 0x08000000, Size: 0x00004848, Max: 0x00020000, ABSOLUTE)

    Execution Region ER_IROM1 (Base: 0x08000000, Size: 0x00004808, Max: 0x00020000, ABSOLUTE)

    Base Addr    Size         Type   Attr      Idx    E Section Name        Object

    0x08000000   0x000000f4   Data   RO            3    RESET               startup_stm32l151xba.o
    0x080000f4   0x00000000   Code   RO         2368  * .ARM.Collect$$$$00000000  mc_w.l(entry.o)
    0x080000f4   0x00000004   Code   RO         2652    .ARM.Collect$$$$00000001  mc_w.l(entry2.o)
    0x080000f8   0x00000004   Code   RO         2655    .ARM.Collect$$$$00000004  mc_w.l(entry5.o)
    0x080000fc   0x00000000   Code   RO         2657    .ARM.Collect$$$$00000008  mc_w.l(entry7b.o)
    0x080000fc   0x00000000   Code   RO         2659    .ARM.Collect$$$$0000000A  mc_w.l(entry8b.o)
    0x080000fc   0x00000008   Code   RO         2660    .ARM.Collect$$$$0000000B  mc_w.l(entry9a.o)
    0x08000104   0x00000000   Code   RO         2662    .ARM.Collect$$$$0000000D  mc_w.l(entry10a.o)
    0x08000104   0x00000000   Code   RO         2664    .ARM.Collect$$$$0000000F  mc_w.l(entry11a.o)
    0x08000104   0x00000004   Code   RO         2653    .ARM.Collect$$$$00002712  mc_w.l(entry2.o)
    0x08000108   0x00000024   Code   RO            4    .text               startup_stm32l151xba.o
    0x0800012c   0x00000024   Code   RO         2371    .text               mc_w.l(memcpya.o)
    0x08000150   0x00000024   Code   RO         2373    .text               mc_w.l(memseta.o)
    0x08000174   0x0000001a   Code   RO         2375    .text               mc_w.l(memcmp.o)
    0x0800018e   0x0000014e   Code   RO         2640    .text               mf_w.l(dadd.o)
    0x080002dc   0x000000e4   Code   RO         2642    .text               mf_w.l(dmul.o)
    0x080003c0   0x00000022   Code   RO         2644    .text               mf_w.l(dflti.o)
    0x080003e2   0x0000001a   Code   RO         2646    .text               mf_w.l(dfltui.o)
    0x080003fc   0x00000026   Code   RO         2648    .text               mf_w.l(f2d.o)
    0x08000422   0x00000038   Code   RO         2650    .text               mf_w.l(d2f.o)
    0x0800045a   0x0000002c   Code   RO         2667    .text               mc_w.l(uidiv.o)
    0x08000486   0x00000062   Code   RO         2669    .text               mc_w.l(uldiv.o)
    0x080004e8   0x0000001e   Code   RO         2671    .text               mc_w.l(llshl.o)
    0x08000506   0x00000024   Code   RO         2673    .text               mc_w.l(llsshr.o)
    0x0800052a   0x00000000   Code   RO         2675    .text               mc_w.l(iusefp.o)
    0x0800052a   0x0000006e   Code   RO         2676    .text               mf_w.l(fepilogue.o)
    0x08000598   0x000000ba   Code   RO         2678    .text               mf_w.l(depilogue.o)
    0x08000652   0x000000de   Code   RO         2680    .text               mf_w.l(ddiv.o)
    0x08000730   0x00000030   Code   RO         2682    .text               mf_w.l(dfixul.o)
    0x08000760   0x00000030   Code   RO         2684    .text               mf_w.l(cdrcmple.o)
    0x08000790   0x00000024   Code   RO         2686    .text               mc_w.l(init.o)
    0x080007b4   0x00000020   Code   RO         2688    .text               mc_w.l(llushr.o)
    0x080007d4   0x00000002   Code   RO         1987    i.BusFault_Handler  stm32l1xx_it.o
    0x080007d6   0x00000002   PAD
    0x080007d8   0x00000074   Code   RO         2204    i.Chg_BW            main.o
    0x0800084c   0x000000a4   Code   RO         2205    i.Chg_CR            main.o
    0x080008f0   0x000000b8   Code   RO         2206    i.Chg_Freq          main.o
    0x080009a8   0x0000017c   Code   RO         2207    i.Chg_Power         main.o
    0x08000b24   0x00000098   Code   RO         2208    i.Chg_SF            main.o
    0x08000bbc   0x0000000c   Code   RO         1988    i.DMA1_Channel5_IRQHandler  stm32l1xx_it.o
    0x08000bc8   0x0000002a   Code   RO         1175    i.DMA_SetConfig     stm32l1xx_hal_dma.o
    0x08000bf2   0x00000002   Code   RO         1989    i.DebugMon_Handler  stm32l1xx_it.o
    0x08000bf4   0x00000012   Code   RO         1711    i.Delay1s           gpio.o
    0x08000c06   0x00000006   Code   RO         1990    i.EXTI1_IRQHandler  stm32l1xx_it.o
    0x08000c0c   0x000000ac   Code   RO         1712    i.FUN_RF_SENDPACKET  gpio.o
    0x08000cb8   0x00000030   Code   RO         1176    i.HAL_DMA_Abort     stm32l1xx_hal_dma.o
    0x08000ce8   0x000000a8   Code   RO         1181    i.HAL_DMA_IRQHandler  stm32l1xx_hal_dma.o
    0x08000d90   0x00000064   Code   RO         1182    i.HAL_DMA_Init      stm32l1xx_hal_dma.o
    0x08000df4   0x00000070   Code   RO         1186    i.HAL_DMA_Start_IT  stm32l1xx_hal_dma.o
    0x08000e64   0x00000016   Code   RO          981    i.HAL_Delay         stm32l1xx_hal.o
    0x08000e7a   0x00000004   Code   RO         2209    i.HAL_GPIO_EXTI_Callback  main.o
    0x08000e7e   0x00000002   PAD
    0x08000e80   0x00000018   Code   RO         1392    i.HAL_GPIO_EXTI_IRQHandler  stm32l1xx_hal_gpio.o
    0x08000e98   0x0000018c   Code   RO         1393    i.HAL_GPIO_Init     stm32l1xx_hal_gpio.o
    0x08001024   0x0000000a   Code   RO         1395    i.HAL_GPIO_ReadPin  stm32l1xx_hal_gpio.o
    0x0800102e   0x0000000a   Code   RO         1397    i.HAL_GPIO_WritePin  stm32l1xx_hal_gpio.o
    0x08001038   0x0000000c   Code   RO          985    i.HAL_GetTick       stm32l1xx_hal.o
    0x08001044   0x00000010   Code   RO          986    i.HAL_IncTick       stm32l1xx_hal.o
    0x08001054   0x00000016   Code   RO          987    i.HAL_Init          stm32l1xx_hal.o
    0x0800106a   0x00000002   PAD
    0x0800106c   0x00000028   Code   RO          988    i.HAL_InitTick      stm32l1xx_hal.o
    0x08001094   0x00000090   Code   RO         2114    i.HAL_MspInit       stm32l1xx_hal_msp.o
    0x08001124   0x00000016   Code   RO           18    i.HAL_NVIC_EnableIRQ  stm32l1xx_hal_cortex.o
    0x0800113a   0x00000002   PAD
    0x0800113c   0x00000040   Code   RO           24    i.HAL_NVIC_SetPriority  stm32l1xx_hal_cortex.o
    0x0800117c   0x00000024   Code   RO           25    i.HAL_NVIC_SetPriorityGrouping  stm32l1xx_hal_cortex.o
    0x080011a0   0x000001d4   Code   RO          784    i.HAL_RCC_ClockConfig  stm32l1xx_hal_rcc.o
    0x08001374   0x0000000c   Code   RO          789    i.HAL_RCC_GetHCLKFreq  stm32l1xx_hal_rcc.o
    0x08001380   0x00000030   Code   RO          791    i.HAL_RCC_GetPCLK1Freq  stm32l1xx_hal_rcc.o
    0x080013b0   0x00000030   Code   RO          792    i.HAL_RCC_GetPCLK2Freq  stm32l1xx_hal_rcc.o
    0x080013e0   0x0000008c   Code   RO          793    i.HAL_RCC_GetSysClockFreq  stm32l1xx_hal_rcc.o
    0x0800146c   0x00000750   Code   RO          796    i.HAL_RCC_OscConfig  stm32l1xx_hal_rcc.o
    0x08001bbc   0x0000007a   Code   RO          950    i.HAL_SPI_Init      stm32l1xx_hal_spi_ex.o
    0x08001c36   0x00000002   PAD
    0x08001c38   0x0000004c   Code   RO         1942    i.HAL_SPI_MspInit   spi.o
    0x08001c84   0x000001d8   Code   RO          555    i.HAL_SPI_Receive   stm32l1xx_hal_spi.o
    0x08001e5c   0x00000142   Code   RO          560    i.HAL_SPI_Transmit  stm32l1xx_hal_spi.o
    0x08001f9e   0x000002b2   Code   RO          561    i.HAL_SPI_TransmitReceive  stm32l1xx_hal_spi.o
    0x08002250   0x00000018   Code   RO           27    i.HAL_SYSTICK_CLKSourceConfig  stm32l1xx_hal_cortex.o
    0x08002268   0x00000002   Code   RO           28    i.HAL_SYSTICK_Callback  stm32l1xx_hal_cortex.o
    0x0800226a   0x00000028   Code   RO           29    i.HAL_SYSTICK_Config  stm32l1xx_hal_cortex.o
    0x08002292   0x00000008   Code   RO           30    i.HAL_SYSTICK_IRQHandler  stm32l1xx_hal_cortex.o
    0x0800229a   0x00000028   Code   RO         1466    i.HAL_UART_DMAStop  stm32l1xx_hal_uart.o
    0x080022c2   0x00000002   Code   RO         1468    i.HAL_UART_ErrorCallback  stm32l1xx_hal_uart.o
    0x080022c4   0x000000da   Code   RO         1471    i.HAL_UART_IRQHandler  stm32l1xx_hal_uart.o
    0x0800239e   0x0000005e   Code   RO         1472    i.HAL_UART_Init     stm32l1xx_hal_uart.o
    0x080023fc   0x0000010c   Code   RO         2139    i.HAL_UART_MspInit  usart.o
    0x08002508   0x00000088   Code   RO         1476    i.HAL_UART_Receive_DMA  stm32l1xx_hal_uart.o
    0x08002590   0x0000006a   Code   RO         1477    i.HAL_UART_Receive_IT  stm32l1xx_hal_uart.o
    0x080025fa   0x00000002   PAD
    0x080025fc   0x00000094   Code   RO         2210    i.HAL_UART_RxCpltCallback  main.o
    0x08002690   0x00000002   Code   RO         1479    i.HAL_UART_RxHalfCpltCallback  stm32l1xx_hal_uart.o
    0x08002692   0x00000002   PAD
    0x08002694   0x000000cc   Code   RO         1480    i.HAL_UART_Transmit  stm32l1xx_hal_uart.o
    0x08002760   0x00000002   Code   RO         1483    i.HAL_UART_TxCpltCallback  stm32l1xx_hal_uart.o
    0x08002762   0x00000002   Code   RO         1991    i.HardFault_Handler  stm32l1xx_it.o
    0x08002764   0x0000000e   Code   RO         2211    i.Hex2asc_h         main.o
    0x08002772   0x00000010   Code   RO         2212    i.Hex2asc_l         main.o
    0x08002782   0x00000002   PAD
    0x08002784   0x00000018   Code   RO         1715    i.Lora_Init         gpio.o
    0x0800279c   0x0000001c   Code   RO         1716    i.Lora_RecDataGet   gpio.o
    0x080027b8   0x00000004   Code   RO         1717    i.Lora_Send         gpio.o
    0x080027bc   0x0000002c   Code   RO         2087    i.MX_DMA_Init       dma.o
    0x080027e8   0x00000178   Code   RO         1718    i.MX_GPIO_Init      gpio.o
    0x08002960   0x0000005c   Code   RO         1943    i.MX_SPI1_Init      spi.o
    0x080029bc   0x0000004c   Code   RO         2140    i.MX_USART1_UART_Init  usart.o
    0x08002a08   0x0000004c   Code   RO         2141    i.MX_USART2_UART_Init  usart.o
    0x08002a54   0x0000004c   Code   RO         2142    i.MX_USART3_UART_Init  usart.o
    0x08002aa0   0x00000002   Code   RO         1992    i.MemManage_Handler  stm32l1xx_it.o
    0x08002aa2   0x00000002   Code   RO         1993    i.NMI_Handler       stm32l1xx_it.o
    0x08002aa4   0x00000020   Code   RO           31    i.NVIC_SetPriority  stm32l1xx_hal_cortex.o
    0x08002ac4   0x00000002   Code   RO         1994    i.PendSV_Handler    stm32l1xx_it.o
    0x08002ac6   0x00000002   PAD
    0x08002ac8   0x00000080   Code   RO          797    i.RCC_SetFlashLatencyFromMSIRange  stm32l1xx_hal_rcc.o
    0x08002b48   0x00000050   Code   RO         1720    i.RF_RECEIVE        gpio.o
    0x08002b98   0x00000040   Code   RO         1722    i.RF_SPI_READ_BYTE  gpio.o
    0x08002bd8   0x00000040   Code   RO         1723    i.RF_SPI_WRITE_BYTE  gpio.o
    0x08002c18   0x0000009e   Code   RO          582    i.SPI_WaitOnFlagUntilTimeout  stm32l1xx_hal_spi.o
    0x08002cb6   0x00000002   Code   RO         1995    i.SVC_Handler       stm32l1xx_it.o
    0x08002cb8   0x00000068   Code   RO         1724    i.SX1276LORA_INT    gpio.o
    0x08002d20   0x0000001a   Code   RO         1725    i.SX1276LoRaFsk     gpio.o
    0x08002d3a   0x0000001e   Code   RO         1726    i.SX1276LoRaSetErrorCoding  gpio.o
    0x08002d58   0x0000001a   Code   RO         1727    i.SX1276LoRaSetImplicitHeaderOn  gpio.o
    0x08002d72   0x0000001e   Code   RO         1728    i.SX1276LoRaSetMobileNode  gpio.o
    0x08002d90   0x0000001a   Code   RO         1729    i.SX1276LoRaSetNbTrigPeaks  gpio.o
    0x08002daa   0x0000001a   Code   RO         1730    i.SX1276LoRaSetOpMode  gpio.o
    0x08002dc4   0x0000001e   Code   RO         1731    i.SX1276LoRaSetPacketCrcOn  gpio.o
    0x08002de2   0x00000008   Code   RO         1732    i.SX1276LoRaSetPayloadLength  gpio.o
    0x08002dea   0x00000002   PAD
    0x08002dec   0x00000024   Code   RO         1734    i.SX1276LoRaSetRFFrequency  gpio.o
    0x08002e10   0x00000020   Code   RO         1735    i.SX1276LoRaSetRFPower  gpio.o
    0x08002e30   0x0000001a   Code   RO         1736    i.SX1276LoRaSetSignalBandwidth  gpio.o
    0x08002e4a   0x00000020   Code   RO         1737    i.SX1276LoRaSetSpreadingFactor  gpio.o
    0x08002e6a   0x00000034   Code   RO         1738    i.SX1276LoRaSetSymbTimeout  gpio.o
    0x08002e9e   0x00000002   PAD
    0x08002ea0   0x0000004c   Code   RO         1739    i.SX1276ReadBuffer  gpio.o
    0x08002eec   0x00000030   Code   RO         1740    i.SX1276Reset       gpio.o
    0x08002f1c   0x00000048   Code   RO         1741    i.SX1276WriteBuffer  gpio.o
    0x08002f64   0x00000260   Code   RO         1742    i.SX1278_Interupt   gpio.o
    0x080031c4   0x0000000e   Code   RO         1996    i.SysTick_Handler   stm32l1xx_it.o
    0x080031d2   0x00000002   PAD
    0x080031d4   0x0000007c   Code   RO         2214    i.SystemClock_Config  main.o
    0x08003250   0x00000050   Code   RO         2334    i.SystemInit        system_stm32l1xx.o
    0x080032a0   0x0000001e   Code   RO         1485    i.UART_DMAError     stm32l1xx_hal_uart.o
    0x080032be   0x00000002   PAD
    0x080032c0   0x00000036   Code   RO         1486    i.UART_DMAReceiveCplt  stm32l1xx_hal_uart.o
    0x080032f6   0x0000000a   Code   RO         1487    i.UART_DMARxHalfCplt  stm32l1xx_hal_uart.o
    0x08003300   0x000000a8   Code   RO         1490    i.UART_Receive_IT   stm32l1xx_hal_uart.o
    0x080033a8   0x000002a0   Code   RO         1491    i.UART_SetConfig    stm32l1xx_hal_uart.o
    0x08003648   0x00000066   Code   RO         1492    i.UART_Transmit_IT  stm32l1xx_hal_uart.o
    0x080036ae   0x00000092   Code   RO         1493    i.UART_WaitOnFlagUntilTimeout  stm32l1xx_hal_uart.o
    0x08003740   0x00000018   Code   RO         1997    i.USART1_IRQHandler  stm32l1xx_it.o
    0x08003758   0x0000000c   Code   RO         1998    i.USART2_IRQHandler  stm32l1xx_it.o
    0x08003764   0x00000002   Code   RO         1999    i.UsageFault_Handler  stm32l1xx_it.o
    0x08003766   0x00000002   PAD
    0x08003768   0x00000058   Code   RO         2143    i.UsartReceive_IDLE  usart.o
    0x080037c0   0x00000002   Code   RO         2216    i._Error_Handler    main.o
    0x080037c2   0x00000002   PAD
    0x080037c4   0x00000020   Code   RO         2612    i.__0printf         mc_w.l(printfa.o)
    0x080037e4   0x0000000e   Code   RO         2692    i.__scatterload_copy  mc_w.l(handlers.o)
    0x080037f2   0x00000002   Code   RO         2693    i.__scatterload_null  mc_w.l(handlers.o)
    0x080037f4   0x0000000e   Code   RO         2694    i.__scatterload_zeroinit  mc_w.l(handlers.o)
    0x08003802   0x00000002   PAD
    0x08003804   0x00000164   Code   RO         2619    i._fp_digits        mc_w.l(printfa.o)
    0x08003968   0x000006dc   Code   RO         2620    i._printf_core      mc_w.l(printfa.o)
    0x08004044   0x00000024   Code   RO         2621    i._printf_post_padding  mc_w.l(printfa.o)
    0x08004068   0x0000002e   Code   RO         2622    i._printf_pre_padding  mc_w.l(printfa.o)
    0x08004096   0x0000003e   Code   RO         2217    i.asc2base          main.o
    0x080040d4   0x0000001c   Code   RO         1743    i.cmdSwitchEn       gpio.o
    0x080040f0   0x00000040   Code   RO         1744    i.cmdSwitchPA       gpio.o
    0x08004130   0x00000018   Code   RO         2144    i.fputc             usart.o
    0x08004148   0x000005f8   Code   RO         2218    i.main              main.o
    0x08004740   0x00000024   Code   RO         1745    i.register_rf_func  gpio.o
    0x08004764   0x00000008   Data   RO         1747    .constdata          gpio.o
    0x0800476c   0x00000019   Data   RO         2335    .constdata          system_stm32l1xx.o
    0x08004785   0x00000008   Data   RO         2336    .constdata          system_stm32l1xx.o
    0x0800478d   0x00000003   PAD
    0x08004790   0x00000055   Data   RO         2222    .conststring        main.o
    0x080047e5   0x00000003   PAD
    0x080047e8   0x00000020   Data   RO         2690    Region$$Table       anon$$obj.o


    Execution Region RW_IRAM1 (Base: 0x20000000, Size: 0x00000840, Max: 0x00008000, ABSOLUTE)

    Base Addr    Size         Type   Attr      Idx    E Section Name        Object

    0x20000000   0x00000004   Data   RW          993    .data               stm32l1xx_hal.o
    0x20000004   0x00000018   Data   RW         1748    .data               gpio.o
    0x2000001c   0x0000001b   Data   RW         2223    .data               main.o
    0x20000037   0x00000001   PAD
    0x20000038   0x00000004   Data   RW         2337    .data               system_stm32l1xx.o
    0x2000003c   0x00000004   Data   RW         2666    .data               mc_w.l(stdout.o)
    0x20000040   0x00000210   Zero   RW         1746    .bss                gpio.o
    0x20000250   0x00000058   Zero   RW         1944    .bss                spi.o
    0x200002a8   0x0000011c   Zero   RW         2145    .bss                usart.o
    0x200003c4   0x00000079   Zero   RW         2220    .bss                main.o
    0x2000043d   0x00000003   PAD
    0x20000440   0x00000400   Zero   RW            1    STACK               startup_stm32l151xba.o


==============================================================================

Image component sizes


      Code (inc. data)   RO Data    RW Data    ZI Data      Debug   Object Name

        44          4          0          0          0        706   dma.o
      2246        228          8         24        528      19822   gpio.o
      2894        686         85         27        121      10583   main.o
       168         40          0          0         88       1497   spi.o
        36          8        244          0       1024        784   startup_stm32l151xba.o
       112         18          0          4          0       3475   stm32l1xx_hal.o
       228         14          0          0          0     371081   stm32l1xx_hal_cortex.o
       470          8          0          0          0       3627   stm32l1xx_hal_dma.o
       440         38          0          0          0       3202   stm32l1xx_hal_gpio.o
       144          4          0          0          0        898   stm32l1xx_hal_msp.o
      2716        114          0          0          0       6720   stm32l1xx_hal_rcc.o
      1642          0          0          0          0       4419   stm32l1xx_hal_spi.o
       122          0          0          0          0       1007   stm32l1xx_hal_spi_ex.o
      1986         20          0          0          0      10715   stm32l1xx_hal_uart.o
        84         18          0          0          0       5392   stm32l1xx_it.o
        80         18         33          4          0       1159   system_stm32l1xx.o
       608        134          0          0        284       4414   usart.o

    ----------------------------------------------------------------------
     14050       1352        408         60       2048     449501   Object Totals
         0          0         32          0          0          0   (incl. Generated)
        30          0          6          1          3          0   (incl. Padding)

    ----------------------------------------------------------------------

      Code (inc. data)   RO Data    RW Data    ZI Data      Debug   Library Member Name

         0          0          0          0          0          0   entry.o
         0          0          0          0          0          0   entry10a.o
         0          0          0          0          0          0   entry11a.o
         8          4          0          0          0          0   entry2.o
         4          0          0          0          0          0   entry5.o
         0          0          0          0          0          0   entry7b.o
         0          0          0          0          0          0   entry8b.o
         8          4          0          0          0          0   entry9a.o
        30          0          0          0          0          0   handlers.o
        36          8          0          0          0         68   init.o
         0          0          0          0          0          0   iusefp.o
        30          0          0          0          0         68   llshl.o
        36          0          0          0          0         68   llsshr.o
        32          0          0          0          0         68   llushr.o
        26          0          0          0          0         80   memcmp.o
        36          0          0          0          0         68   memcpya.o
        36          0          0          0          0        108   memseta.o
      2226         90          0          0          0        444   printfa.o
         0          0          0          4          0          0   stdout.o
        44          0          0          0          0         80   uidiv.o
        98          0          0          0          0         92   uldiv.o
        48          0          0          0          0         68   cdrcmple.o
        56          0          0          0          0         88   d2f.o
       334          0          0          0          0        148   dadd.o
       222          0          0          0          0        100   ddiv.o
       186          0          0          0          0        176   depilogue.o
        48          0          0          0          0         68   dfixul.o
        34          0          0          0          0         76   dflti.o
        26          0          0          0          0         76   dfltui.o
       228          0          0          0          0         96   dmul.o
        38          0          0          0          0         68   f2d.o
       110          0          0          0          0        168   fepilogue.o

    ----------------------------------------------------------------------
      3982        106          0          4          0       2276   Library Totals
         2          0          0          0          0          0   (incl. Padding)

    ----------------------------------------------------------------------

      Code (inc. data)   RO Data    RW Data    ZI Data      Debug   Library Name

      2650        106          0          4          0       1144   mc_w.l
      1330          0          0          0          0       1132   mf_w.l

    ----------------------------------------------------------------------
      3982        106          0          4          0       2276   Library Totals

    ----------------------------------------------------------------------

==============================================================================


      Code (inc. data)   RO Data    RW Data    ZI Data      Debug   

     18032       1458        408         64       2048     444805   Grand Totals
     18032       1458        408         64       2048     444805   ELF Image Totals
     18032       1458        408         64          0          0   ROM Totals

==============================================================================

    Total RO  Size (Code + RO Data)                18440 (  18.01kB)
    Total RW  Size (RW Data + ZI Data)              2112 (   2.06kB)
    Total ROM Size (Code + RO Data + RW Data)      18504 (  18.07kB)

==============================================================================

